Archive member included to satisfy reference by file (symbol)

F:/STM32CubeIDE_1.19.0/STM32CubeIDE/plugins/com.st.stm32cube.ide.mcu.externaltools.gnu-tools-for-stm32.13.3.rel1.win32_1.0.0.202411081344/tools/bin/../lib/gcc/arm-none-eabi/13.3.1/../../../../arm-none-eabi/lib/thumb/v7e-m+fp/hard\libc_nano.a(libc_a-exit.o)
                              F:/STM32CubeIDE_1.19.0/STM32CubeIDE/plugins/com.st.stm32cube.ide.mcu.externaltools.gnu-tools-for-stm32.13.3.rel1.win32_1.0.0.202411081344/tools/bin/../lib/gcc/arm-none-eabi/13.3.1/../../../../arm-none-eabi/lib/thumb/v7e-m+fp/hard/crt0.o (exit)
F:/STM32CubeIDE_1.19.0/STM32CubeIDE/plugins/com.st.stm32cube.ide.mcu.externaltools.gnu-tools-for-stm32.13.3.rel1.win32_1.0.0.202411081344/tools/bin/../lib/gcc/arm-none-eabi/13.3.1/../../../../arm-none-eabi/lib/thumb/v7e-m+fp/hard\libc_nano.a(libc_a-rand.o)
                              ./Src/snake_prg.o (srand)
F:/STM32CubeIDE_1.19.0/STM32CubeIDE/plugins/com.st.stm32cube.ide.mcu.externaltools.gnu-tools-for-stm32.13.3.rel1.win32_1.0.0.202411081344/tools/bin/../lib/gcc/arm-none-eabi/13.3.1/../../../../arm-none-eabi/lib/thumb/v7e-m+fp/hard\libc_nano.a(libc_a-findfp.o)
                              F:/STM32CubeIDE_1.19.0/STM32CubeIDE/plugins/com.st.stm32cube.ide.mcu.externaltools.gnu-tools-for-stm32.13.3.rel1.win32_1.0.0.202411081344/tools/bin/../lib/gcc/arm-none-eabi/13.3.1/../../../../arm-none-eabi/lib/thumb/v7e-m+fp/hard\libc_nano.a(libc_a-exit.o) (__stdio_exit_handler)
F:/STM32CubeIDE_1.19.0/STM32CubeIDE/plugins/com.st.stm32cube.ide.mcu.externaltools.gnu-tools-for-stm32.13.3.rel1.win32_1.0.0.202411081344/tools/bin/../lib/gcc/arm-none-eabi/13.3.1/../../../../arm-none-eabi/lib/thumb/v7e-m+fp/hard\libc_nano.a(libc_a-fwalk.o)
                              F:/STM32CubeIDE_1.19.0/STM32CubeIDE/plugins/com.st.stm32cube.ide.mcu.externaltools.gnu-tools-for-stm32.13.3.rel1.win32_1.0.0.202411081344/tools/bin/../lib/gcc/arm-none-eabi/13.3.1/../../../../arm-none-eabi/lib/thumb/v7e-m+fp/hard\libc_nano.a(libc_a-findfp.o) (_fwalk_sglue)
F:/STM32CubeIDE_1.19.0/STM32CubeIDE/plugins/com.st.stm32cube.ide.mcu.externaltools.gnu-tools-for-stm32.13.3.rel1.win32_1.0.0.202411081344/tools/bin/../lib/gcc/arm-none-eabi/13.3.1/../../../../arm-none-eabi/lib/thumb/v7e-m+fp/hard\libc_nano.a(libc_a-stdio.o)
                              F:/STM32CubeIDE_1.19.0/STM32CubeIDE/plugins/com.st.stm32cube.ide.mcu.externaltools.gnu-tools-for-stm32.13.3.rel1.win32_1.0.0.202411081344/tools/bin/../lib/gcc/arm-none-eabi/13.3.1/../../../../arm-none-eabi/lib/thumb/v7e-m+fp/hard\libc_nano.a(libc_a-findfp.o) (__sread)
F:/STM32CubeIDE_1.19.0/STM32CubeIDE/plugins/com.st.stm32cube.ide.mcu.externaltools.gnu-tools-for-stm32.13.3.rel1.win32_1.0.0.202411081344/tools/bin/../lib/gcc/arm-none-eabi/13.3.1/../../../../arm-none-eabi/lib/thumb/v7e-m+fp/hard\libc_nano.a(libc_a-memset.o)
                              F:/STM32CubeIDE_1.19.0/STM32CubeIDE/plugins/com.st.stm32cube.ide.mcu.externaltools.gnu-tools-for-stm32.13.3.rel1.win32_1.0.0.202411081344/tools/bin/../lib/gcc/arm-none-eabi/13.3.1/../../../../arm-none-eabi/lib/thumb/v7e-m+fp/hard/crt0.o (memset)
F:/STM32CubeIDE_1.19.0/STM32CubeIDE/plugins/com.st.stm32cube.ide.mcu.externaltools.gnu-tools-for-stm32.13.3.rel1.win32_1.0.0.202411081344/tools/bin/../lib/gcc/arm-none-eabi/13.3.1/../../../../arm-none-eabi/lib/thumb/v7e-m+fp/hard\libc_nano.a(libc_a-closer.o)
                              F:/STM32CubeIDE_1.19.0/STM32CubeIDE/plugins/com.st.stm32cube.ide.mcu.externaltools.gnu-tools-for-stm32.13.3.rel1.win32_1.0.0.202411081344/tools/bin/../lib/gcc/arm-none-eabi/13.3.1/../../../../arm-none-eabi/lib/thumb/v7e-m+fp/hard\libc_nano.a(libc_a-stdio.o) (_close_r)
F:/STM32CubeIDE_1.19.0/STM32CubeIDE/plugins/com.st.stm32cube.ide.mcu.externaltools.gnu-tools-for-stm32.13.3.rel1.win32_1.0.0.202411081344/tools/bin/../lib/gcc/arm-none-eabi/13.3.1/../../../../arm-none-eabi/lib/thumb/v7e-m+fp/hard\libc_nano.a(libc_a-reent.o)
                              F:/STM32CubeIDE_1.19.0/STM32CubeIDE/plugins/com.st.stm32cube.ide.mcu.externaltools.gnu-tools-for-stm32.13.3.rel1.win32_1.0.0.202411081344/tools/bin/../lib/gcc/arm-none-eabi/13.3.1/../../../../arm-none-eabi/lib/thumb/v7e-m+fp/hard\libc_nano.a(libc_a-closer.o) (errno)
F:/STM32CubeIDE_1.19.0/STM32CubeIDE/plugins/com.st.stm32cube.ide.mcu.externaltools.gnu-tools-for-stm32.13.3.rel1.win32_1.0.0.202411081344/tools/bin/../lib/gcc/arm-none-eabi/13.3.1/../../../../arm-none-eabi/lib/thumb/v7e-m+fp/hard\libc_nano.a(libc_a-impure.o)
                              F:/STM32CubeIDE_1.19.0/STM32CubeIDE/plugins/com.st.stm32cube.ide.mcu.externaltools.gnu-tools-for-stm32.13.3.rel1.win32_1.0.0.202411081344/tools/bin/../lib/gcc/arm-none-eabi/13.3.1/../../../../arm-none-eabi/lib/thumb/v7e-m+fp/hard\libc_nano.a(libc_a-rand.o) (_impure_ptr)
[...]
Memory Configuration

Name             Origin             Length             Attributes
RAM              0x20000000         0x00010000         xrw
FLASH            0x08000000         0x00040000         xr
*default*        0x00000000         0xffffffff

Linker script and memory map

LOAD F:/STM32CubeIDE_1.19.0/STM32CubeIDE/plugins/com.st.stm32cube.ide.mcu.externaltools.gnu-tools-for-stm32.13.3.rel1.win32_1.0.0.202411081344/tools/bin/../lib/gcc/arm-none-eabi/13.3.1/thumb/v7e-m+fp/hard/crti.o
LOAD F:/STM32CubeIDE_1.19.0/STM32CubeIDE/plugins/com.st.stm32cube.ide.mcu.externaltools.gnu-tools-for-stm32.13.3.rel1.win32_1.0.0.202411081344/tools/bin/../lib/gcc/arm-none-eabi/13.3.1/thumb/v7e-m+fp/hard/crtbegin.o
LOAD F:/STM32CubeIDE_1.19.0/STM32CubeIDE/plugins/com.st.stm32cube.ide.mcu.externaltools.gnu-tools-for-stm32.13.3.rel1.win32_1.0.0.202411081344/tools/bin/../lib/gcc/arm-none-eabi/13.3.1/../../../../arm-none-eabi/lib/thumb/v7e-m+fp/hard/crt0.o
LOAD ./Src/FrameBuffer.o
LOAD ./Src/HMATH_program.o
LOAD ./Src/HMEM_program.o
LOAD ./Src/HMENU_program.o
LOAD ./Src/HTFT_prg.o
LOAD ./Src/HXO_program.o
LOAD ./Src/MEXTI_Program.o
LOAD ./Src/MGPIO_prg.o
LOAD ./Src/MNVIC_Program.o
LOAD ./Src/MRCC_prg.o
LOAD ./Src/MSPI_prg.o
LOAD ./Src/MSTK_prg.o
LOAD ./Src/main.o
LOAD ./Src/snake_prg.o
LOAD ./Src/syscalls.o
LOAD ./Src/sysmem.o
LOAD ./Startup/startup_stm32f401ccux.o
START GROUP
LOAD F:/STM32CubeIDE_1.19.0/STM32CubeIDE/plugins/com.st.stm32cube.ide.mcu.externaltools.gnu-tools-for-stm32.13.3.rel1.win32_1.0.0.202411081344/tools/bin/../lib/gcc/arm-none-eabi/13.3.1/../../../../arm-none-eabi/lib/thumb/v7e-m+fp/hard\libc_nano.a
LOAD F:/STM32CubeIDE_1.19.0/STM32CubeIDE/plugins/com.st.stm32cube.ide.mcu.externaltools.gnu-tools-for-stm32.13.3.rel1.win32_1.0.0.202411081344/tools/bin/../lib/gcc/arm-none-eabi/13.3.1/../../../../arm-none-eabi/lib/thumb/v7e-m+fp/hard\libm.a
END GROUP
START GROUP
LOAD F:/STM32CubeIDE_1.19.0/STM32CubeIDE/plugins/com.st.stm32cube.ide.mcu.externaltools.gnu-tools-for-stm32.13.3.rel1.win32_1.0.0.202411081344/tools/bin/../lib/gcc/arm-none-eabi/13.3.1/thumb/v7e-m+fp/hard\libgcc.a
LOAD F:/STM32CubeIDE_1.19.0/STM32CubeIDE/plugins/com.st.stm32cube.ide.mcu.externaltools.gnu-tools-for-stm32.13.3.rel1.win32_1.0.0.202411081344/tools/bin/../lib/gcc/arm-none-eabi/13.3.1/../../../../arm-none-eabi/lib/thumb/v7e-m+fp/hard\libc_nano.a
END GROUP
START GROUP
LOAD F:/STM32CubeIDE_1.19.0/STM32CubeIDE/plugins/com.st.stm32cube.ide.mcu.externaltools.gnu-tools-for-stm32.13.3.rel1.win32_1.0.0.202411081344/tools/bin/../lib/gcc/arm-none-eabi/13.3.1/thumb/v7e-m+fp/hard\libgcc.a
LOAD F:/STM32CubeIDE_1.19.0/STM32CubeIDE/plugins/com.st.stm32cube.ide.mcu.externaltools.gnu-tools-for-stm32.13.3.rel1.win32_1.0.0.202411081344/tools/bin/../lib/gcc/arm-none-eabi/13.3.1/../../../../arm-none-eabi/lib/thumb/v7e-m+fp/hard\libc_nano.a
LOAD F:/STM32CubeIDE_1.19.0/STM32CubeIDE/plugins/com.st.stm32cube.ide.mcu.externaltools.gnu-tools-for-stm32.13.3.rel1.win32_1.0.0.202411081344/tools/bin/../lib/gcc/arm-none-eabi/13.3.1/../../../../arm-none-eabi/lib/thumb/v7e-m+fp/hard\libnosys.a
END GROUP
START GROUP
LOAD F:/STM32CubeIDE_1.19.0/STM32CubeIDE/plugins/com.st.stm32cube.ide.mcu.externaltools.gnu-tools-for-stm32.13.3.rel1.win32_1.0.0.202411081344/tools/bin/../lib/gcc/arm-none-eabi/13.3.1/thumb/v7e-m+fp/hard\libgcc.a
LOAD F:/STM32CubeIDE_1.19.0/STM32CubeIDE/plugins/com.st.stm32cube.ide.mcu.externaltools.gnu-tools-for-stm32.13.3.rel1.win32_1.0.0.202411081344/tools/bin/../lib/gcc/arm-none-eabi/13.3.1/../../../../arm-none-eabi/lib/thumb/v7e-m+fp/hard\libc_nano.a
LOAD F:/STM32CubeIDE_1.19.0/STM32CubeIDE/plugins/com.st.stm32cube.ide.mcu.externaltools.gnu-tools-for-stm32.13.3.rel1.win32_1.0.0.202411081344/tools/bin/../lib/gcc/arm-none-eabi/13.3.1/../../../../arm-none-eabi/lib/thumb/v7e-m+fp/hard\libnosys.a
END GROUP
LOAD F:/STM32CubeIDE_1.19.0/STM32CubeIDE/plugins/com.st.stm32cube.ide.mcu.externaltools.gnu-tools-for-stm32.13.3.rel1.win32_1.0.0.202411081344/tools/bin/../lib/gcc/arm-none-eabi/13.3.1/thumb/v7e-m+fp/hard/crtend.o
LOAD F:/STM32CubeIDE_1.19.0/STM32CubeIDE/plugins/com.st.stm32cube.ide.mcu.externaltools.gnu-tools-for-stm32.13.3.rel1.win32_1.0.0.202411081344/tools/bin/../lib/gcc/arm-none-eabi/13.3.1/thumb/v7e-m+fp/hard/crtn.o
                0x20010000                        _estack = (ORIGIN (RAM) + LENGTH (RAM))
                0x00000200                        _Min_Heap_Size = 0x200
                0x00000400                        _Min_Stack_Size = 0x400

.isr_vector     0x08000000      0x194
                0x08000000                        . = ALIGN (0x4)
 *(.isr_vector)
 .isr_vector    0x08000000      0x194 ./Startup/startup_stm32f401ccux.o
                0x08000000                g_pfnVectors
                0x08000194                        . = ALIGN (0x4)

.text           0x080001a0     0x54ac
                0x080001a0                        . = ALIGN (0x4)
 *(.text)
 .text          0x080001a0       0x40 F:/STM32CubeIDE_1.19.0/STM32CubeIDE/plugins/com.st.stm32cube.ide.mcu.externaltools.gnu-tools-for-stm32.13.3.rel1.win32_1.0.0.202411081344/tools/bin/../lib/gcc/arm-none-eabi/13.3.1/thumb/v7e-m+fp/hard/crtbegin.o
 .text          0x080001e0       0xa0 F:/STM32CubeIDE_1.19.0/STM32CubeIDE/plugins/com.st.stm32cube.ide.mcu.externaltools.gnu-tools-for-stm32.13.3.rel1.win32_1.0.0.202411081344/tools/bin/../lib/gcc/arm-none-eabi/13.3.1/../../../../arm-none-eabi/lib/thumb/v7e-m+fp/hard\libc_nano.a(libc_a-memchr.o)
                0x080001e0                memchr
 *(.text*)
 .text.HMATH_btnACallback
                0x08000280       0x18 ./Src/HMATH_program.o
                0x08000280                HMATH_btnACallback
 .text.HMATH_btnBCallback
                0x08000298       0x18 ./Src/HMATH_program.o
                0x08000298                HMATH_btnBCallback
 .text.HMATH_btnCCallback
                0x080002b0       0x18 ./Src/HMATH_program.o
                0x080002b0                HMATH_btnCCallback
 .text.HMATH_voidInit
                0x080002c8       0x90 ./Src/HMATH_program.o
                0x080002c8                HMATH_voidInit
 .text.HMATH_voidResetGame
                0x08000358       0x34 ./Src/HMATH_program.o
                0x08000358                HMATH_voidResetGame
 .text.HMATH_u16GetFrameBuffer
                0x0800038c       0x14 ./Src/HMATH_program.o
                0x0800038c                HMATH_u16GetFrameBuffer
 .text.HMATH_voidPoll
                0x080003a0      0x17c ./Src/HMATH_program.o
                0x080003a0                HMATH_voidPoll
 .text.HMATH_voidGenerateQuestion
                0x0800051c      0x10c ./Src/HMATH_program.o
 .text.HMATH_voidDisplayQuestion
                0x08000628      0x148 ./Src/HMATH_program.o
 .text.HMATH_voidDisplayScore
                0x08000770       0x58 ./Src/HMATH_program.o
 .text.HMATH_u8CheckAnswer
                0x080007c8       0x2c ./Src/HMATH_program.o
 .text.HMATH_voidShowFeedback
                0x080007f4       0x90 ./Src/HMATH_program.o
 .text.HMATH_voidClearFrame
                0x08000884       0x38 ./Src/HMATH_program.o
 .text.HMATH_voidDrawText
                0x080008bc       0x58 ./Src/HMATH_program.o
 .text.HMATH_voidDrawChar
                0x08000914       0xa4 ./Src/HMATH_program.o
 .text.HMATH_voidDrawNumber
                0x080009b8       0xfc ./Src/HMATH_program.o
 .text.HMATH_voidFillRect
                0x08000ab4       0xb8 ./Src/HMATH_program.o
 .text.HMATH_voidSetPixel
                0x08000b6c       0x40 ./Src/HMATH_program.o
 .text.HMATH_u32GetMillis
                0x08000bac       0x20 ./Src/HMATH_program.o
 .text.HMATH_u16GetRandom
                0x08000bcc       0x78 ./Src/HMATH_program.o
 .text.HMATH_voidInitRandom
                0x08000c44       0x1c ./Src/HMATH_program.o
 .text.HMATH_u8GetNumberWidth
                0x08000c60       0x70 ./Src/HMATH_program.o
 .text.HMEM_btnFlipCallback
                0x08000cd0       0x18 ./Src/HMEM_program.o
                0x08000cd0                HMEM_btnFlipCallback
 .text.HMEM_btnNextCallback
                0x08000ce8       0x18 ./Src/HMEM_program.o
                0x08000ce8                HMEM_btnNextCallback
 .text.HMEM_btnResetCallback
                0x08000d00       0x18 ./Src/HMEM_program.o
                0x08000d00                HMEM_btnResetCallback
 .text.HMEM_voidInit
                0x08000d18       0x90 ./Src/HMEM_program.o
                0x08000d18                HMEM_voidInit
 .text.HMEM_voidResetGame
                0x08000da8       0xc4 ./Src/HMEM_program.o
                0x08000da8                HMEM_voidResetGame
 .text.HMEM_u16GetFrameBuffer
                0x08000e6c       0x14 ./Src/HMEM_program.o
                0x08000e6c                HMEM_u16GetFrameBuffer
 .text.HMEM_voidPoll
                0x08000e80      0x288 ./Src/HMEM_program.o
                0x08000e80                HMEM_voidPoll
 .text.HMEM_u32GetMillis
                0x08001108       0x20 ./Src/HMEM_program.o
 .text.HMEM_voidShuffleCards
                0x08001128      0x134 ./Src/HMEM_program.o
 .text.HMEM_u8CheckWin
                0x0800125c       0x58 ./Src/HMEM_program.o
 .text.HMEM_voidDrawFrame
                0x080012b4       0xb0 ./Src/HMEM_program.o
 .text.HMEM_voidDrawCard
                0x08001364       0xe0 ./Src/HMEM_program.o
 .text.HMEM_voidDrawCursor
                0x08001444       0x9e ./Src/HMEM_program.o
 *fill*         0x080014e2        0x2 
 .text.HMEM_voidDrawSymbol
                0x080014e4      0x4c8 ./Src/HMEM_program.o
 .text.HMEM_voidGetCardBounds
                0x080019ac       0x64 ./Src/HMEM_program.o
 .text.HMEM_voidGetCardCenter
                0x08001a10       0x60 ./Src/HMEM_program.o
 .text.HMEM_voidFillRect
                0x08001a70       0xb8 ./Src/HMEM_program.o
 .text.HMEM_voidSetPixel
                0x08001b28       0x40 ./Src/HMEM_program.o
 .text.HMEM_voidDrawLine
                0x08001b68       0xd2 ./Src/HMEM_program.o
 .text.sampleButton
                0x08001c3a       0x3c ./Src/HMENU_program.o
 *fill*         0x08001c76        0x2 
 .text.putPixel
                0x08001c78       0x48 ./Src/HMENU_program.o
 .text.fillRect
                0x08001cc0       0x84 ./Src/HMENU_program.o
 .text.drawChar
                0x08001d44       0x98 ./Src/HMENU_program.o
 .text.drawString
                0x08001ddc       0x3e ./Src/HMENU_program.o
 *fill*         0x08001e1a        0x2 
 .text.HMenu_voidInit
                0x08001e1c       0x20 ./Src/HMENU_program.o
                0x08001e1c                HMenu_voidInit
 .text.HMenu_voidPoll
                0x08001e3c      0x10c ./Src/HMENU_program.o
                0x08001e3c                HMenu_voidPoll
 .text.drawMenu
                0x08001f48      0x16c ./Src/HMENU_program.o
 .text.readButtonUp
                0x080020b4       0x1c ./Src/HMENU_program.o
 .text.readButtonDown
                0x080020d0       0x1c ./Src/HMENU_program.o
 .text.readButtonSelect
                0x080020ec       0x1c ./Src/HMENU_program.o
 .text.HTFT_voidInit
                0x08002108       0xa2 ./Src/HTFT_prg.o
                0x08002108                HTFT_voidInit
 .text.HTFT_voidWriteData
                0x080021aa       0x26 ./Src/HTFT_prg.o
 .text.HTFT_voidWriteCommand
                0x080021d0       0x26 ./Src/HTFT_prg.o
 .text.HTFT_voidDisplay
                0x080021f6       0x94 ./Src/HTFT_prg.o
                0x080021f6                HTFT_voidDisplay
 *fill*         0x0800228a        0x2 
 .text.putPixel
                0x0800228c       0x48 ./Src/HXO_program.o
 .text.fillRect
                0x080022d4       0x84 ./Src/HXO_program.o
 .text.drawChar
                0x08002358       0x98 ./Src/HXO_program.o
 .text.drawString
                0x080023f0       0x3e ./Src/HXO_program.o
 *fill*         0x0800242e        0x2 
 .text.HXO_btnXCallback
                0x08002430       0x18 ./Src/HXO_program.o
                0x08002430                HXO_btnXCallback
 .text.HXO_btnOCallback
                0x08002448       0x18 ./Src/HXO_program.o
                0x08002448                HXO_btnOCallback
 .text.HXO_btnNextCallback
                0x08002460       0x18 ./Src/HXO_program.o
                0x08002460                HXO_btnNextCallback
 .text.resetGame
                0x08002478       0x78 ./Src/HXO_program.o
 .text.checkWinner
                0x080024f0      0x1ac ./Src/HXO_program.o
 .text.makeMove
                0x0800269c       0xa4 ./Src/HXO_program.o
 .text.drawBoard
                0x08002740      0x310 ./Src/HXO_program.o
 .text.HXO_voidInit
                0x08002a50       0x84 ./Src/HXO_program.o
                0x08002a50                HXO_voidInit
 .text.HXO_voidPoll
                0x08002ad4       0xe0 ./Src/HXO_program.o
                0x08002ad4                HXO_voidPoll
 .text.HXO_u16GetFrameBuffer
                0x08002bb4       0x14 ./Src/HXO_program.o
                0x08002bb4                HXO_u16GetFrameBuffer
 .text.MEXTI_voidSetInterruptPort
                0x08002bc8       0x74 ./Src/MEXTI_Program.o
                0x08002bc8                MEXTI_voidSetInterruptPort
 .text.MEXTI_voidEnable
                0x08002c3c       0x30 ./Src/MEXTI_Program.o
                0x08002c3c                MEXTI_voidEnable
 .text.MEXTI_voidSetTrigger
                0x08002c6c       0xb8 ./Src/MEXTI_Program.o
                0x08002c6c                MEXTI_voidSetTrigger
 .text.MEXTI_voidCallBack
                0x08002d24       0x2c ./Src/MEXTI_Program.o
                0x08002d24                MEXTI_voidCallBack
 .text.EXTI0_IRQHandler
                0x08002d50       0x24 ./Src/MEXTI_Program.o
                0x08002d50                EXTI0_IRQHandler
 .text.EXTI1_IRQHandler
                0x08002d74       0x24 ./Src/MEXTI_Program.o
                0x08002d74                EXTI1_IRQHandler
 .text.EXTI2_IRQHandler
                0x08002d98       0x24 ./Src/MEXTI_Program.o
                0x08002d98                EXTI2_IRQHandler
 .text.EXTI3_IRQHandler
                0x08002dbc       0x24 ./Src/MEXTI_Program.o
                0x08002dbc                EXTI3_IRQHandler
 .text.EXTI4_IRQHandler
                0x08002de0       0x24 ./Src/MEXTI_Program.o
                0x08002de0                EXTI4_IRQHandler
 .text.EXTI9_5_IRQHandler
                0x08002e04       0x5c ./Src/MEXTI_Program.o
                0x08002e04                EXTI9_5_IRQHandler
 .text.EXTI15_10_IRQHandler
                0x08002e60       0x5c ./Src/MEXTI_Program.o
                0x08002e60                EXTI15_10_IRQHandler
 .text.MGPIO_voidSetPinMode
                0x08002ebc       0xf8 ./Src/MGPIO_prg.o
                0x08002ebc                MGPIO_voidSetPinMode
 .text.MGPIO_voidSetOutputConfig
                0x08002fb4      0x18c ./Src/MGPIO_prg.o
                0x08002fb4                MGPIO_voidSetOutputConfig
 .text.MGPIO_voidSetPinValue
                0x08003140       0xec ./Src/MGPIO_prg.o
                0x08003140                MGPIO_voidSetPinValue
 .text.MGPIO_voidSetINPUTConfig
                0x0800322c       0xf8 ./Src/MGPIO_prg.o
                0x0800322c                MGPIO_voidSetINPUTConfig
 .text.MGPIO_u8GetPinValue
                0x08003324       0xa4 ./Src/MGPIO_prg.o
                0x08003324                MGPIO_u8GetPinValue
 .text.MGPIO_voidSetAltFuncConfig
                0x080033c8      0x1d8 ./Src/MGPIO_prg.o
                0x080033c8                MGPIO_voidSetAltFuncConfig
 .text.MNVIC_voidEnable
                0x080035a0       0x40 ./Src/MNVIC_Program.o
                0x080035a0                MNVIC_voidEnable
 .text.MRCC_voidInit
                0x080035e0       0x40 ./Src/MRCC_prg.o
                0x080035e0                MRCC_voidInit
 .text.MRCC_voidEnablePeripheral
                0x08003620       0x98 ./Src/MRCC_prg.o
                0x08003620                MRCC_voidEnablePeripheral
 .text.MSPI_voidMasterInit
                0x080036b8       0x8c ./Src/MSPI_prg.o
                0x080036b8                MSPI_voidMasterInit
 .text.MSPI_u16Tranceive
                0x08003744       0x3c ./Src/MSPI_prg.o
                0x08003744                MSPI_u16Tranceive
 .text.MSTK_voidInit
                0x08003780       0x2c ./Src/MSTK_prg.o
                0x08003780                MSTK_voidInit
 .text.MSTK_voidStartTimer
                0x080037ac       0x30 ./Src/MSTK_prg.o
                0x080037ac                MSTK_voidStartTimer
 .text.MSTK_voidCtrlIntState
                0x080037dc       0x28 ./Src/MSTK_prg.o
                0x080037dc                MSTK_voidCtrlIntState
 .text.MSTK_u8ReadFlag
                0x08003804       0x20 ./Src/MSTK_prg.o
                0x08003804                MSTK_u8ReadFlag
 .text.MSTK_voidDelayms
                0x08003824       0x44 ./Src/MSTK_prg.o
                0x08003824                MSTK_voidDelayms
 .text.MSTK_voidDelayus
                0x08003868       0x3c ./Src/MSTK_prg.o
                0x08003868                MSTK_voidDelayus
 .text.SysTick_Handler
                0x080038a4       0x30 ./Src/MSTK_prg.o
                0x080038a4                SysTick_Handler
 .text.main     0x080038d4       0xca ./Src/main.o
                0x080038d4                main
 *fill*         0x0800399e        0x2 
 .text.Snake_btnLeftCallback
                0x080039a0       0x18 ./Src/snake_prg.o
                0x080039a0                Snake_btnLeftCallback
 .text.Snake_btnRightCallback
                0x080039b8       0x18 ./Src/snake_prg.o
                0x080039b8                Snake_btnRightCallback
 .text.Snake_btnRestartCallback
                0x080039d0       0x18 ./Src/snake_prg.o
                0x080039d0                Snake_btnRestartCallback
 .text.Snake_voidDrawBorder
                0x080039e8       0x64 ./Src/snake_prg.o
 .text.Snake_voidInit
                0x08003a4c       0xf4 ./Src/snake_prg.o
                0x08003a4c                Snake_voidInit
 .text.Snake_voidGameLoop
                0x08003b40       0x58 ./Src/snake_prg.o
                0x08003b40                Snake_voidGameLoop
 .text.Snake_voidUpdate
                0x08003b98      0x1ac ./Src/snake_prg.o
                0x08003b98                Snake_voidUpdate
 .text.Snake_voidHandleInput
                0x08003d44       0xe8 ./Src/snake_prg.o
                0x08003d44                Snake_voidHandleInput
 .text.Snake_voidFillScreen
                0x08003e2c       0x3c ./Src/snake_prg.o
 .text.Snake_voidDrawPixel
                0x08003e68       0x40 ./Src/snake_prg.o
 .text.Snake_voidDrawRect
                0x08003ea8       0x6e ./Src/snake_prg.o
 *fill*         0x08003f16        0x2 
 .text.Snake_voidUpdateDisplay
                0x08003f18       0x14 ./Src/snake_prg.o
 .text.Snake_voidDrawInitialState
                0x08003f2c       0x68 ./Src/snake_prg.o
 .text.Snake_voidDrawBlock
                0x08003f94       0x3a ./Src/snake_prg.o
 *fill*         0x08003fce        0x2 
 .text.Snake_voidGenerateFood
                0x08003fd0       0xb4 ./Src/snake_prg.o
 .text.Snake_u8CheckCollision
                0x08004084       0x5c ./Src/snake_prg.o
 .text.Snake_voidDrawScore
                0x080040e0       0x6c ./Src/snake_prg.o
 .text.Snake_voidGameOver
                0x0800414c      0x2f4 ./Src/snake_prg.o
 .text._getpid  0x08004440       0x10 ./Src/syscalls.o
                0x08004440                _getpid
 .text._kill    0x08004450       0x20 ./Src/syscalls.o
                0x08004450                _kill
 .text._exit    0x08004470       0x16 ./Src/syscalls.o
                0x08004470                _exit
 .text._read    0x08004486       0x3a ./Src/syscalls.o
                0x08004486                _read
 .text._write   0x080044c0       0x38 ./Src/syscalls.o
                0x080044c0                _write
 .text._close   0x080044f8       0x18 ./Src/syscalls.o
                0x080044f8                _close
 .text._fstat   0x08004510       0x20 ./Src/syscalls.o
                0x08004510                _fstat
 .text._isatty  0x08004530       0x16 ./Src/syscalls.o
                0x08004530                _isatty
 .text._lseek   0x08004546       0x1a ./Src/syscalls.o
                0x08004546                _lseek
 .text._sbrk    0x08004560       0x6c ./Src/sysmem.o
                0x08004560                _sbrk
 .text.Reset_Handler
                0x080045cc       0x50 ./Startup/startup_stm32f401ccux.o
                0x080045cc                Reset_Handler
 .text.Default_Handler
                0x0800461c        0x2 ./Startup/startup_stm32f401ccux.o
                0x0800461c                DebugMon_Handler
                0x0800461c                SPI4_IRQHandler
                0x0800461c                TIM1_CC_IRQHandler
                0x0800461c                DMA2_Stream5_IRQHandler
                0x0800461c                HardFault_Handler
                0x0800461c                DMA1_Stream5_IRQHandler
                0x0800461c                SDIO_IRQHandler
                0x0800461c                TAMP_STAMP_IRQHandler
                0x0800461c                PendSV_Handler
                0x0800461c                NMI_Handler
                0x0800461c                TIM1_UP_TIM10_IRQHandler
                0x0800461c                I2C3_ER_IRQHandler
                0x0800461c                EXTI18_OTG_FS_WKUP_IRQHandler
                0x0800461c                I2C2_EV_IRQHandler
                0x0800461c                DMA1_Stream2_IRQHandler
                0x0800461c                UsageFault_Handler
                0x0800461c                DMA2_Stream2_IRQHandler
                0x0800461c                SPI1_IRQHandler
                0x0800461c                TIM1_BRK_TIM9_IRQHandler
                0x0800461c                DMA2_Stream3_IRQHandler
                0x0800461c                USART6_IRQHandler
                0x0800461c                DMA2_Stream0_IRQHandler
                0x0800461c                TIM4_IRQHandler
                0x0800461c                I2C1_EV_IRQHandler
                0x0800461c                DMA1_Stream6_IRQHandler
                0x0800461c                DMA1_Stream1_IRQHandler
                0x0800461c                TIM3_IRQHandler
                0x0800461c                RCC_IRQHandler
                0x0800461c                Default_Handler
                0x0800461c                ADC_IRQHandler
                0x0800461c                DMA1_Stream7_IRQHandler
                0x0800461c                TIM5_IRQHandler
                0x0800461c                DMA2_Stream7_IRQHandler
                0x0800461c                I2C3_EV_IRQHandler
                0x0800461c                SPI2_IRQHandler
                0x0800461c                MemManage_Handler
                0x0800461c                DMA1_Stream0_IRQHandler
                0x0800461c                SVC_Handler
                0x0800461c                EXTI22_RTC_WKUP_IRQHandler
                0x0800461c                TIM2_IRQHandler
                0x0800461c                EXTI16_PVD_IRQHandler
                0x0800461c                TIM1_TRG_COM_TIM11_IRQHandler
                0x0800461c                EXTI17_RTC_Alarm_IRQHandler
                0x0800461c                USART2_IRQHandler
                0x0800461c                I2C2_ER_IRQHandler
                0x0800461c                DMA2_Stream1_IRQHandler
                0x0800461c                FLASH_IRQHandler
                0x0800461c                DMA2_Stream4_IRQHandler
                0x0800461c                BusFault_Handler
                0x0800461c                USART1_IRQHandler
                0x0800461c                OTG_FS_IRQHandler
                0x0800461c                SPI3_IRQHandler
                0x0800461c                DMA1_Stream4_IRQHandler
                0x0800461c                I2C1_ER_IRQHandler
                0x0800461c                DMA2_Stream6_IRQHandler
                0x0800461c                DMA1_Stream3_IRQHandler
 *fill*         0x0800461e        0x2 
 .text.srand    0x08004620       0x5c F:/STM32CubeIDE_1.19.0/STM32CubeIDE/plugins/com.st.stm32cube.ide.mcu.externaltools.gnu-tools-for-stm32.13.3.rel1.win32_1.0.0.202411081344/tools/bin/../lib/gcc/arm-none-eabi/13.3.1/../../../../arm-none-eabi/lib/thumb/v7e-m+fp/hard\libc_nano.a(libc_a-rand.o)
                0x08004620                srand
 .text.rand     0x0800467c       0x7c F:/STM32CubeIDE_1.19.0/STM32CubeIDE/plugins/com.st.stm32cube.ide.mcu.externaltools.gnu-tools-for-stm32.13.3.rel1.win32_1.0.0.202411081344/tools/bin/../lib/gcc/arm-none-eabi/13.3.1/../../../../arm-none-eabi/lib/thumb/v7e-m+fp/hard\libc_nano.a(libc_a-rand.o)
                0x0800467c                rand
 .text.std      0x080046f8       0x6c F:/STM32CubeIDE_1.19.0/STM32CubeIDE/plugins/com.st.stm32cube.ide.mcu.externaltools.gnu-tools-for-stm32.13.3.rel1.win32_1.0.0.202411081344/tools/bin/../lib/gcc/arm-none-eabi/13.3.1/../../../../arm-none-eabi/lib/thumb/v7e-m+fp/hard\libc_nano.a(libc_a-findfp.o)
 .text.stdio_exit_handler
                0x08004764       0x18 F:/STM32CubeIDE_1.19.0/STM32CubeIDE/plugins/com.st.stm32cube.ide.mcu.externaltools.gnu-tools-for-stm32.13.3.rel1.win32_1.0.0.202411081344/tools/bin/../lib/gcc/arm-none-eabi/13.3.1/../../../../arm-none-eabi/lib/thumb/v7e-m+fp/hard\libc_nano.a(libc_a-findfp.o)
 .text.cleanup_stdio
                0x0800477c       0x40 F:/STM32CubeIDE_1.19.0/STM32CubeIDE/plugins/com.st.stm32cube.ide.mcu.externaltools.gnu-tools-for-stm32.13.3.rel1.win32_1.0.0.202411081344/tools/bin/../lib/gcc/arm-none-eabi/13.3.1/../../../../arm-none-eabi/lib/thumb/v7e-m+fp/hard\libc_nano.a(libc_a-findfp.o)
 .text.global_stdio_init.part.0
                0x080047bc       0x3c F:/STM32CubeIDE_1.19.0/STM32CubeIDE/plugins/com.st.stm32cube.ide.mcu.externaltools.gnu-tools-for-stm32.13.3.rel1.win32_1.0.0.202411081344/tools/bin/../lib/gcc/arm-none-eabi/13.3.1/../../../../arm-none-eabi/lib/thumb/v7e-m+fp/hard\libc_nano.a(libc_a-findfp.o)
 .text.__sfp_lock_acquire
                0x080047f8        0xc F:/STM32CubeIDE_1.19.0/STM32CubeIDE/plugins/com.st.stm32cube.ide.mcu.externaltools.gnu-tools-for-stm32.13.3.rel1.win32_1.0.0.202411081344/tools/bin/../lib/gcc/arm-none-eabi/13.3.1/../../../../arm-none-eabi/lib/thumb/v7e-m+fp/hard\libc_nano.a(libc_a-findfp.o)
                0x080047f8                __sfp_lock_acquire
 .text.__sfp_lock_release
                0x08004804        0xc F:/STM32CubeIDE_1.19.0/STM32CubeIDE/plugins/com.st.stm32cube.ide.mcu.externaltools.gnu-tools-for-stm32.13.3.rel1.win32_1.0.0.202411081344/tools/bin/../lib/gcc/arm-none-eabi/13.3.1/../../../../arm-none-eabi/lib/thumb/v7e-m+fp/hard\libc_nano.a(libc_a-findfp.o)
                0x08004804                __sfp_lock_release
 .text.__sinit  0x08004810       0x30 F:/STM32CubeIDE_1.19.0/STM32CubeIDE/plugins/com.st.stm32cube.ide.mcu.externaltools.gnu-tools-for-stm32.13.3.rel1.win32_1.0.0.202411081344/tools/bin/../lib/gcc/arm-none-eabi/13.3.1/../../../../arm-none-eabi/lib/thumb/v7e-m+fp/hard\libc_nano.a(libc_a-findfp.o)
                0x08004810                __sinit
 .text._fwalk_sglue
                0x08004840       0x3c F:/STM32CubeIDE_1.19.0/STM32CubeIDE/plugins/com.st.stm32cube.ide.mcu.externaltools.gnu-tools-for-stm32.13.3.rel1.win32_1.0.0.202411081344/tools/bin/../lib/gcc/arm-none-eabi/13.3.1/../../../../arm-none-eabi/lib/thumb/v7e-m+fp/hard\libc_nano.a(libc_a-fwalk.o)
                0x08004840                _fwalk_sglue
 .text.__sread  0x0800487c       0x22 F:/STM32CubeIDE_1.19.0/STM32CubeIDE/plugins/com.st.stm32cube.ide.mcu.externaltools.gnu-tools-for-stm32.13.3.rel1.win32_1.0.0.202411081344/tools/bin/../lib/gcc/arm-none-eabi/13.3.1/../../../../arm-none-eabi/lib/thumb/v7e-m+fp/hard\libc_nano.a(libc_a-stdio.o)
                0x0800487c                __sread
 .text.__swrite
                0x0800489e       0x38 F:/STM32CubeIDE_1.19.0/STM32CubeIDE/plugins/com.st.stm32cube.ide.mcu.externaltools.gnu-tools-for-stm32.13.3.rel1.win32_1.0.0.202411081344/tools/bin/../lib/gcc/arm-none-eabi/13.3.1/../../../../arm-none-eabi/lib/thumb/v7e-m+fp/hard\libc_nano.a(libc_a-stdio.o)
                0x0800489e                __swrite
 .text.__sseek  0x080048d6       0x24 F:/STM32CubeIDE_1.19.0/STM32CubeIDE/plugins/com.st.stm32cube.ide.mcu.externaltools.gnu-tools-for-stm32.13.3.rel1.win32_1.0.0.202411081344/tools/bin/../lib/gcc/arm-none-eabi/13.3.1/../../../../arm-none-eabi/lib/thumb/v7e-m+fp/hard\libc_nano.a(libc_a-stdio.o)
                0x080048d6                __sseek
 .text.__sclose
                0x080048fa        0x8 F:/STM32CubeIDE_1.19.0/STM32CubeIDE/plugins/com.st.stm32cube.ide.mcu.externaltools.gnu-tools-for-stm32.13.3.rel1.win32_1.0.0.202411081344/tools/bin/../lib/gcc/arm-none-eabi/13.3.1/../../../../arm-none-eabi/lib/thumb/v7e-m+fp/hard\libc_nano.a(libc_a-stdio.o)
                0x080048fa                __sclose
 .text.memset   0x08004902       0x10 F:/STM32CubeIDE_1.19.0/STM32CubeIDE/plugins/com.st.stm32cube.ide.mcu.externaltools.gnu-tools-for-stm32.13.3.rel1.win32_1.0.0.202411081344/tools/bin/../lib/gcc/arm-none-eabi/13.3.1/../../../../arm-none-eabi/lib/thumb/v7e-m+fp/hard\libc_nano.a(libc_a-memset.o)
                0x08004902                memset
 *fill*         0x08004912        0x2 
 .text._close_r
                0x08004914       0x20 F:/STM32CubeIDE_1.19.0/STM32CubeIDE/plugins/com.st.stm32cube.ide.mcu.externaltools.gnu-tools-for-stm32.13.3.rel1.win32_1.0.0.202411081344/tools/bin/../lib/gcc/arm-none-eabi/13.3.1/../../../../arm-none-eabi/lib/thumb/v7e-m+fp/hard\libc_nano.a(libc_a-closer.o)
                0x08004914                _close_r
 .text._lseek_r
                0x08004934       0x24 F:/STM32CubeIDE_1.19.0/STM32CubeIDE/plugins/com.st.stm32cube.ide.mcu.externaltools.gnu-tools-for-stm32.13.3.rel1.win32_1.0.0.202411081344/tools/bin/../lib/gcc/arm-none-eabi/13.3.1/../../../../arm-none-eabi/lib/thumb/v7e-m+fp/hard\libc_nano.a(libc_a-lseekr.o)
                0x08004934                _lseek_r
 .text._read_r  0x08004958       0x24 F:/STM32CubeIDE_1.19.0/STM32CubeIDE/plugins/com.st.stm32cube.ide.mcu.externaltools.gnu-tools-for-stm32.13.3.rel1.win32_1.0.0.202411081344/tools/bin/../lib/gcc/arm-none-eabi/13.3.1/../../../../arm-none-eabi/lib/thumb/v7e-m+fp/hard\libc_nano.a(libc_a-readr.o)
                0x08004958                _read_r
 .text._write_r
                0x0800497c       0x24 F:/STM32CubeIDE_1.19.0/STM32CubeIDE/plugins/com.st.stm32cube.ide.mcu.externaltools.gnu-tools-for-stm32.13.3.rel1.win32_1.0.0.202411081344/tools/bin/../lib/gcc/arm-none-eabi/13.3.1/../../../../arm-none-eabi/lib/thumb/v7e-m+fp/hard\libc_nano.a(libc_a-writer.o)
                0x0800497c                _write_r
 .text.__errno  0x080049a0        0xc F:/STM32CubeIDE_1.19.0/STM32CubeIDE/plugins/com.st.stm32cube.ide.mcu.externaltools.gnu-tools-for-stm32.13.3.rel1.win32_1.0.0.202411081344/tools/bin/../lib/gcc/arm-none-eabi/13.3.1/../../../../arm-none-eabi/lib/thumb/v7e-m+fp/hard\libc_nano.a(libc_a-errno.o)
                0x080049a0                __errno
 .text.__libc_init_array
                0x080049ac       0x48 F:/STM32CubeIDE_1.19.0/STM32CubeIDE/plugins/com.st.stm32cube.ide.mcu.externaltools.gnu-tools-for-stm32.13.3.rel1.win32_1.0.0.202411081344/tools/bin/../lib/gcc/arm-none-eabi/13.3.1/../../../../arm-none-eabi/lib/thumb/v7e-m+fp/hard\libc_nano.a(libc_a-init.o)
                0x080049ac                __libc_init_array
 .text.__retarget_lock_init_recursive
                0x080049f4        0x2 F:/STM32CubeIDE_1.19.0/STM32CubeIDE/plugins/com.st.stm32cube.ide.mcu.externaltools.gnu-tools-for-stm32.13.3.rel1.win32_1.0.0.202411081344/tools/bin/../lib/gcc/arm-none-eabi/13.3.1/../../../../arm-none-eabi/lib/thumb/v7e-m+fp/hard\libc_nano.a(libc_a-lock.o)
                0x080049f4                __retarget_lock_init_recursive
 .text.__retarget_lock_acquire_recursive
                0x080049f6        0x2 F:/STM32CubeIDE_1.19.0/STM32CubeIDE/plugins/com.st.stm32cube.ide.mcu.externaltools.gnu-tools-for-stm32.13.3.rel1.win32_1.0.0.202411081344/tools/bin/../lib/gcc/arm-none-eabi/13.3.1/../../../../arm-none-eabi/lib/thumb/v7e-m+fp/hard\libc_nano.a(libc_a-lock.o)
                0x080049f6                __retarget_lock_acquire_recursive
 .text.__retarget_lock_release_recursive
                0x080049f8        0x2 F:/STM32CubeIDE_1.19.0/STM32CubeIDE/plugins/com.st.stm32cube.ide.mcu.externaltools.gnu-tools-for-stm32.13.3.rel1.win32_1.0.0.202411081344/tools/bin/../lib/gcc/arm-none-eabi/13.3.1/../../../../arm-none-eabi/lib/thumb/v7e-m+fp/hard\libc_nano.a(libc_a-lock.o)
                0x080049f8                __retarget_lock_release_recursive
 *fill*         0x080049fa        0x2 
 .text.__assert_func
                0x080049fc       0x3c F:/STM32CubeIDE_1.19.0/STM32CubeIDE/plugins/com.st.stm32cube.ide.mcu.externaltools.gnu-tools-for-stm32.13.3.rel1.win32_1.0.0.202411081344/tools/bin/../lib/gcc/arm-none-eabi/13.3.1/../../../../arm-none-eabi/lib/thumb/v7e-m+fp/hard\libc_nano.a(libc_a-assert.o)
                0x080049fc                __assert_func
 .text._free_r  0x08004a38       0x94 F:/STM32CubeIDE_1.19.0/STM32CubeIDE/plugins/com.st.stm32cube.ide.mcu.externaltools.gnu-tools-for-stm32.13.3.rel1.win32_1.0.0.202411081344/tools/bin/../lib/gcc/arm-none-eabi/13.3.1/../../../../arm-none-eabi/lib/thumb/v7e-m+fp/hard\libc_nano.a(libc_a-freer.o)
                0x08004a38                _free_r
 .text.malloc   0x08004acc       0x10 F:/STM32CubeIDE_1.19.0/STM32CubeIDE/plugins/com.st.stm32cube.ide.mcu.externaltools.gnu-tools-for-stm32.13.3.rel1.win32_1.0.0.202411081344/tools/bin/../lib/gcc/arm-none-eabi/13.3.1/../../../../arm-none-eabi/lib/thumb/v7e-m+fp/hard\libc_nano.a(libc_a-malloc.o)
                0x08004acc                malloc
 .text.sbrk_aligned
                0x08004adc       0x44 F:/STM32CubeIDE_1.19.0/STM32CubeIDE/plugins/com.st.stm32cube.ide.mcu.externaltools.gnu-tools-for-stm32.13.3.rel1.win32_1.0.0.202411081344/tools/bin/../lib/gcc/arm-none-eabi/13.3.1/../../../../arm-none-eabi/lib/thumb/v7e-m+fp/hard\libc_nano.a(libc_a-mallocr.o)
 .text._malloc_r
                0x08004b20      0x100 F:/STM32CubeIDE_1.19.0/STM32CubeIDE/plugins/com.st.stm32cube.ide.mcu.externaltools.gnu-tools-for-stm32.13.3.rel1.win32_1.0.0.202411081344/tools/bin/../lib/gcc/arm-none-eabi/13.3.1/../../../../arm-none-eabi/lib/thumb/v7e-m+fp/hard\libc_nano.a(libc_a-mallocr.o)
                0x08004b20                _malloc_r
 .text.__malloc_lock
                0x08004c20        0xc F:/STM32CubeIDE_1.19.0/STM32CubeIDE/plugins/com.st.stm32cube.ide.mcu.externaltools.gnu-tools-for-stm32.13.3.rel1.win32_1.0.0.202411081344/tools/bin/../lib/gcc/arm-none-eabi/13.3.1/../../../../arm-none-eabi/lib/thumb/v7e-m+fp/hard\libc_nano.a(libc_a-mlock.o)
                0x08004c20                __malloc_lock
 .text.__malloc_unlock
                0x08004c2c        0xc F:/STM32CubeIDE_1.19.0/STM32CubeIDE/plugins/com.st.stm32cube.ide.mcu.externaltools.gnu-tools-for-stm32.13.3.rel1.win32_1.0.0.202411081344/tools/bin/../lib/gcc/arm-none-eabi/13.3.1/../../../../arm-none-eabi/lib/thumb/v7e-m+fp/hard\libc_nano.a(libc_a-mlock.o)
                0x08004c2c                __malloc_unlock
 .text.__sflush_r
                0x08004c38      0x108 F:/STM32CubeIDE_1.19.0/STM32CubeIDE/plugins/com.st.stm32cube.ide.mcu.externaltools.gnu-tools-for-stm32.13.3.rel1.win32_1.0.0.202411081344/tools/bin/../lib/gcc/arm-none-eabi/13.3.1/../../../../arm-none-eabi/lib/thumb/v7e-m+fp/hard\libc_nano.a(libc_a-fflush.o)
                0x08004c38                __sflush_r
 .text._fflush_r
                0x08004d40       0x50 F:/STM32CubeIDE_1.19.0/STM32CubeIDE/plugins/com.st.stm32cube.ide.mcu.externaltools.gnu-tools-for-stm32.13.3.rel1.win32_1.0.0.202411081344/tools/bin/../lib/gcc/arm-none-eabi/13.3.1/../../../../arm-none-eabi/lib/thumb/v7e-m+fp/hard\libc_nano.a(libc_a-fflush.o)
                0x08004d40                _fflush_r
 .text.fprintf  0x08004d90       0x24 F:/STM32CubeIDE_1.19.0/STM32CubeIDE/plugins/com.st.stm32cube.ide.mcu.externaltools.gnu-tools-for-stm32.13.3.rel1.win32_1.0.0.202411081344/tools/bin/../lib/gcc/arm-none-eabi/13.3.1/../../../../arm-none-eabi/lib/thumb/v7e-m+fp/hard\libc_nano.a(libc_a-fprintf.o)
                0x08004d90                fiprintf
                0x08004d90                fprintf
 .text._sbrk_r  0x08004db4       0x20 F:/STM32CubeIDE_1.19.0/STM32CubeIDE/plugins/com.st.stm32cube.ide.mcu.externaltools.gnu-tools-for-stm32.13.3.rel1.win32_1.0.0.202411081344/tools/bin/../lib/gcc/arm-none-eabi/13.3.1/../../../../arm-none-eabi/lib/thumb/v7e-m+fp/hard\libc_nano.a(libc_a-sbrkr.o)
                0x08004db4                _sbrk_r
 .text.abort    0x08004dd4        0xe F:/STM32CubeIDE_1.19.0/STM32CubeIDE/plugins/com.st.stm32cube.ide.mcu.externaltools.gnu-tools-for-stm32.13.3.rel1.win32_1.0.0.202411081344/tools/bin/../lib/gcc/arm-none-eabi/13.3.1/../../../../arm-none-eabi/lib/thumb/v7e-m+fp/hard\libc_nano.a(libc_a-abort.o)
                0x08004dd4                abort
 .text.__sfputc_r
                0x08004de2       0x2e F:/STM32CubeIDE_1.19.0/STM32CubeIDE/plugins/com.st.stm32cube.ide.mcu.externaltools.gnu-tools-for-stm32.13.3.rel1.win32_1.0.0.202411081344/tools/bin/../lib/gcc/arm-none-eabi/13.3.1/../../../../arm-none-eabi/lib/thumb/v7e-m+fp/hard\libc_nano.a(libc_a-nano-vfprintf.o)
 .text.__sfputs_r
                0x08004e10       0x24 F:/STM32CubeIDE_1.19.0/STM32CubeIDE/plugins/com.st.stm32cube.ide.mcu.externaltools.gnu-tools-for-stm32.13.3.rel1.win32_1.0.0.202411081344/tools/bin/../lib/gcc/arm-none-eabi/13.3.1/../../../../arm-none-eabi/lib/thumb/v7e-m+fp/hard\libc_nano.a(libc_a-nano-vfprintf.o)
                0x08004e10                __sfputs_r
 .text._vfprintf_r
                0x08004e34      0x230 F:/STM32CubeIDE_1.19.0/STM32CubeIDE/plugins/com.st.stm32cube.ide.mcu.externaltools.gnu-tools-for-stm32.13.3.rel1.win32_1.0.0.202411081344/tools/bin/../lib/gcc/arm-none-eabi/13.3.1/../../../../arm-none-eabi/lib/thumb/v7e-m+fp/hard\libc_nano.a(libc_a-nano-vfprintf.o)
                0x08004e34                _vfprintf_r
                0x08004e34                _vfiprintf_r
 .text._printf_common
                0x08005064       0xda F:/STM32CubeIDE_1.19.0/STM32CubeIDE/plugins/com.st.stm32cube.ide.mcu.externaltools.gnu-tools-for-stm32.13.3.rel1.win32_1.0.0.202411081344/tools/bin/../lib/gcc/arm-none-eabi/13.3.1/../../../../arm-none-eabi/lib/thumb/v7e-m+fp/hard\libc_nano.a(libc_a-nano-vfprintf_i.o)
                0x08005064                _printf_common
 *fill*         0x0800513e        0x2 
 .text._printf_i
                0x08005140      0x23c F:/STM32CubeIDE_1.19.0/STM32CubeIDE/plugins/com.st.stm32cube.ide.mcu.externaltools.gnu-tools-for-stm32.13.3.rel1.win32_1.0.0.202411081344/tools/bin/../lib/gcc/arm-none-eabi/13.3.1/../../../../arm-none-eabi/lib/thumb/v7e-m+fp/hard\libc_nano.a(libc_a-nano-vfprintf_i.o)
                0x08005140                _printf_i
 .text.__swbuf_r
                0x0800537c       0x7c F:/STM32CubeIDE_1.19.0/STM32CubeIDE/plugins/com.st.stm32cube.ide.mcu.externaltools.gnu-tools-for-stm32.13.3.rel1.win32_1.0.0.202411081344/tools/bin/../lib/gcc/arm-none-eabi/13.3.1/../../../../arm-none-eabi/lib/thumb/v7e-m+fp/hard\libc_nano.a(libc_a-wbuf.o)
                0x0800537c                __swbuf_r
 .text.__swsetup_r
                0x080053f8       0xac F:/STM32CubeIDE_1.19.0/STM32CubeIDE/plugins/com.st.stm32cube.ide.mcu.externaltools.gnu-tools-for-stm32.13.3.rel1.win32_1.0.0.202411081344/tools/bin/../lib/gcc/arm-none-eabi/13.3.1/../../../../arm-none-eabi/lib/thumb/v7e-m+fp/hard\libc_nano.a(libc_a-wsetup.o)
                0x080053f8                __swsetup_r
 .text._raise_r
                0x080054a4       0x50 F:/STM32CubeIDE_1.19.0/STM32CubeIDE/plugins/com.st.stm32cube.ide.mcu.externaltools.gnu-tools-for-stm32.13.3.rel1.win32_1.0.0.202411081344/tools/bin/../lib/gcc/arm-none-eabi/13.3.1/../../../../arm-none-eabi/lib/thumb/v7e-m+fp/hard\libc_nano.a(libc_a-signal.o)
                0x080054a4                _raise_r
 .text.raise    0x080054f4       0x10 F:/STM32CubeIDE_1.19.0/STM32CubeIDE/plugins/com.st.stm32cube.ide.mcu.externaltools.gnu-tools-for-stm32.13.3.rel1.win32_1.0.0.202411081344/tools/bin/../lib/gcc/arm-none-eabi/13.3.1/../../../../arm-none-eabi/lib/thumb/v7e-m+fp/hard\libc_nano.a(libc_a-signal.o)
                0x080054f4                raise
 .text._kill_r  0x08005504       0x24 F:/STM32CubeIDE_1.19.0/STM32CubeIDE/plugins/com.st.stm32cube.ide.mcu.externaltools.gnu-tools-for-stm32.13.3.rel1.win32_1.0.0.202411081344/tools/bin/../lib/gcc/arm-none-eabi/13.3.1/../../../../arm-none-eabi/lib/thumb/v7e-m+fp/hard\libc_nano.a(libc_a-signalr.o)
                0x08005504                _kill_r
 .text._getpid_r
                0x08005528        0x4 F:/STM32CubeIDE_1.19.0/STM32CubeIDE/plugins/com.st.stm32cube.ide.mcu.externaltools.gnu-tools-for-stm32.13.3.rel1.win32_1.0.0.202411081344/tools/bin/../lib/gcc/arm-none-eabi/13.3.1/../../../../arm-none-eabi/lib/thumb/v7e-m+fp/hard\libc_nano.a(libc_a-signalr.o)
                0x08005528                _getpid_r
 .text.__swhatbuf_r
                0x0800552c       0x4c F:/STM32CubeIDE_1.19.0/STM32CubeIDE/plugins/com.st.stm32cube.ide.mcu.externaltools.gnu-tools-for-stm32.13.3.rel1.win32_1.0.0.202411081344/tools/bin/../lib/gcc/arm-none-eabi/13.3.1/../../../../arm-none-eabi/lib/thumb/v7e-m+fp/hard\libc_nano.a(libc_a-makebuf.o)
                0x0800552c                __swhatbuf_r
 .text.__smakebuf_r
                0x08005578       0x78 F:/STM32CubeIDE_1.19.0/STM32CubeIDE/plugins/com.st.stm32cube.ide.mcu.externaltools.gnu-tools-for-stm32.13.3.rel1.win32_1.0.0.202411081344/tools/bin/../lib/gcc/arm-none-eabi/13.3.1/../../../../arm-none-eabi/lib/thumb/v7e-m+fp/hard\libc_nano.a(libc_a-makebuf.o)
                0x08005578                __smakebuf_r
 .text._fstat_r
                0x080055f0       0x24 F:/STM32CubeIDE_1.19.0/STM32CubeIDE/plugins/com.st.stm32cube.ide.mcu.externaltools.gnu-tools-for-stm32.13.3.rel1.win32_1.0.0.202411081344/tools/bin/../lib/gcc/arm-none-eabi/13.3.1/../../../../arm-none-eabi/lib/thumb/v7e-m+fp/hard\libc_nano.a(libc_a-fstatr.o)
                0x080055f0                _fstat_r
 .text._isatty_r
                0x08005614       0x20 F:/STM32CubeIDE_1.19.0/STM32CubeIDE/plugins/com.st.stm32cube.ide.mcu.externaltools.gnu-tools-for-stm32.13.3.rel1.win32_1.0.0.202411081344/tools/bin/../lib/gcc/arm-none-eabi/13.3.1/../../../../arm-none-eabi/lib/thumb/v7e-m+fp/hard\libc_nano.a(libc_a-isattyr.o)
                0x08005614                _isatty_r
 *(.glue_7)
 .glue_7        0x08005634        0x0 linker stubs
 *(.glue_7t)
 .glue_7t       0x08005634        0x0 linker stubs
 *(.eh_frame)
 .eh_frame      0x08005634        0x0 F:/STM32CubeIDE_1.19.0/STM32CubeIDE/plugins/com.st.stm32cube.ide.mcu.externaltools.gnu-tools-for-stm32.13.3.rel1.win32_1.0.0.202411081344/tools/bin/../lib/gcc/arm-none-eabi/13.3.1/thumb/v7e-m+fp/hard/crtbegin.o
 *(.init)
 .init          0x08005634        0x4 F:/STM32CubeIDE_1.19.0/STM32CubeIDE/plugins/com.st.stm32cube.ide.mcu.externaltools.gnu-tools-for-stm32.13.3.rel1.win32_1.0.0.202411081344/tools/bin/../lib/gcc/arm-none-eabi/13.3.1/thumb/v7e-m+fp/hard/crti.o
                0x08005634                _init
 .init          0x08005638        0x8 F:/STM32CubeIDE_1.19.0/STM32CubeIDE/plugins/com.st.stm32cube.ide.mcu.externaltools.gnu-tools-for-stm32.13.3.rel1.win32_1.0.0.202411081344/tools/bin/../lib/gcc/arm-none-eabi/13.3.1/thumb/v7e-m+fp/hard/crtn.o
 *(.fini)
 .fini          0x08005640        0x4 F:/STM32CubeIDE_1.19.0/STM32CubeIDE/plugins/com.st.stm32cube.ide.mcu.externaltools.gnu-tools-for-stm32.13.3.rel1.win32_1.0.0.202411081344/tools/bin/../lib/gcc/arm-none-eabi/13.3.1/thumb/v7e-m+fp/hard/crti.o
                0x08005640                _fini
 .fini          0x08005644        0x8 F:/STM32CubeIDE_1.19.0/STM32CubeIDE/plugins/com.st.stm32cube.ide.mcu.externaltools.gnu-tools-for-stm32.13.3.rel1.win32_1.0.0.202411081344/tools/bin/../lib/gcc/arm-none-eabi/13.3.1/thumb/v7e-m+fp/hard/crtn.o
                0x0800564c                        . = ALIGN (0x4)
                0x0800564c                        _etext = .

.vfp11_veneer   0x0800564c        0x0
 .vfp11_veneer  0x0800564c        0x0 linker stubs

.v4_bx          0x0800564c        0x0
 .v4_bx         0x0800564c        0x0 linker stubs

.iplt           0x0800564c        0x0
 .iplt          0x0800564c        0x0 F:/STM32CubeIDE_1.19.0/STM32CubeIDE/plugins/com.st.stm32cube.ide.mcu.externaltools.gnu-tools-for-stm32.13.3.rel1.win32_1.0.0.202411081344/tools/bin/../lib/gcc/arm-none-eabi/13.3.1/thumb/v7e-m+fp/hard/crtbegin.o

.rodata         0x0800564c      0x764
                0x0800564c                        . = ALIGN (0x4)
 *(.rodata)
 .rodata        0x0800564c       0x24 ./Src/HMATH_program.o
 .rodata        0x08005670       0x35 ./Src/HMENU_program.o
 *fill*         0x080056a5        0x3 
 .rodata        0x080056a8       0x7e ./Src/HXO_program.o
 *(.rodata*)
 *fill*         0x08005726        0x2 
 .rodata.font5x7
                0x08005728      0x1e0 ./Src/HMATH_program.o
 .rodata.HMEM_symbols
                0x08005908        0x8 ./Src/HMEM_program.o
 .rodata.font5x7
                0x08005910      0x1e0 ./Src/HMENU_program.o
 .rodata.font5x7
                0x08005af0      0x1e0 ./Src/HXO_program.o
 .rodata.srand.str1.1
                0x08005cd0       0xde F:/STM32CubeIDE_1.19.0/STM32CubeIDE/plugins/com.st.stm32cube.ide.mcu.externaltools.gnu-tools-for-stm32.13.3.rel1.win32_1.0.0.202411081344/tools/bin/../lib/gcc/arm-none-eabi/13.3.1/../../../../arm-none-eabi/lib/thumb/v7e-m+fp/hard\libc_nano.a(libc_a-rand.o)
                                 0x6f (size before relaxing)
 .rodata.__assert_func.str1.1
                0x08005dae       0x3d F:/STM32CubeIDE_1.19.0/STM32CubeIDE/plugins/com.st.stm32cube.ide.mcu.externaltools.gnu-tools-for-stm32.13.3.rel1.win32_1.0.0.202411081344/tools/bin/../lib/gcc/arm-none-eabi/13.3.1/../../../../arm-none-eabi/lib/thumb/v7e-m+fp/hard\libc_nano.a(libc_a-assert.o)
 .rodata._vfprintf_r.str1.1
                0x08005dae       0x11 F:/STM32CubeIDE_1.19.0/STM32CubeIDE/plugins/com.st.stm32cube.ide.mcu.externaltools.gnu-tools-for-stm32.13.3.rel1.win32_1.0.0.202411081344/tools/bin/../lib/gcc/arm-none-eabi/13.3.1/../../../../arm-none-eabi/lib/thumb/v7e-m+fp/hard\libc_nano.a(libc_a-nano-vfprintf.o)
 .rodata._printf_i.str1.1
                0x08005dae       0x22 F:/STM32CubeIDE_1.19.0/STM32CubeIDE/plugins/com.st.stm32cube.ide.mcu.externaltools.gnu-tools-for-stm32.13.3.rel1.win32_1.0.0.202411081344/tools/bin/../lib/gcc/arm-none-eabi/13.3.1/../../../../arm-none-eabi/lib/thumb/v7e-m+fp/hard\libc_nano.a(libc_a-nano-vfprintf_i.o)
                0x08005dec                        . = ALIGN (0x4)
 *fill*         0x08005dae        0x2 

.ARM.extab      0x08005db0        0x0
                0x08005db0                        . = ALIGN (0x4)
 *(.ARM.extab* .gnu.linkonce.armextab.*)
                0x08005db0                        . = ALIGN (0x4)

.ARM            0x08005db0        0x8
                0x08005db0                        . = ALIGN (0x4)
                0x08005db0                        __exidx_start = .
 *(.ARM.exidx*)
 .ARM.exidx     0x08005db0        0x8 F:/STM32CubeIDE_1.19.0/STM32CubeIDE/plugins/com.st.stm32cube.ide.mcu.externaltools.gnu-tools-for-stm32.13.3.rel1.win32_1.0.0.202411081344/tools/bin/../lib/gcc/arm-none-eabi/13.3.1/../../../../arm-none-eabi/lib/thumb/v7e-m+fp/hard\libc_nano.a(libc_a-memchr.o)
                0x08005db8                        __exidx_end = .
                0x08005db8                        . = ALIGN (0x4)

.preinit_array  0x08005db8        0x0
                0x08005db8                        . = ALIGN (0x4)
                0x08005db8                        PROVIDE (__preinit_array_start = .)
 *(.preinit_array*)
                0x08005db8                        PROVIDE (__preinit_array_end = .)
                0x08005db8                        . = ALIGN (0x4)

.init_array     0x08005db8        0x4
                0x08005db8                        . = ALIGN (0x4)
                0x08005db8                        PROVIDE (__init_array_start = .)
 *(SORT_BY_NAME(.init_array.*))
 *(.init_array*)
 .init_array    0x08005db8        0x4 F:/STM32CubeIDE_1.19.0/STM32CubeIDE/plugins/com.st.stm32cube.ide.mcu.externaltools.gnu-tools-for-stm32.13.3.rel1.win32_1.0.0.202411081344/tools/bin/../lib/gcc/arm-none-eabi/13.3.1/thumb/v7e-m+fp/hard/crtbegin.o
                0x08005dbc                        PROVIDE (__init_array_end = .)
                0x08005dbc                        . = ALIGN (0x4)

.fini_array     0x08005dbc        0x4
                0x08005dbc                        . = ALIGN (0x4)
                [!provide]                        PROVIDE (__fini_array_start = .)
 *(SORT_BY_NAME(.fini_array.*))
 *(.fini_array*)
 .fini_array    0x08005dbc        0x4 F:/STM32CubeIDE_1.19.0/STM32CubeIDE/plugins/com.st.stm32cube.ide.mcu.externaltools.gnu-tools-for-stm32.13.3.rel1.win32_1.0.0.202411081344/tools/bin/../lib/gcc/arm-none-eabi/13.3.1/thumb/v7e-m+fp/hard/crtbegin.o
                [!provide]                        PROVIDE (__fini_array_end = .)
                0x08005dc0                        . = ALIGN (0x4)
                0x08005dc0                        _sidata = LOADADDR (.data)

.rel.dyn        0x08005dc0        0x0
 .rel.iplt      0x08005dc0        0x0 F:/STM32CubeIDE_1.19.0/STM32CubeIDE/plugins/com.st.stm32cube.ide.mcu.externaltools.gnu-tools-for-stm32.13.3.rel1.win32_1.0.0.202411081344/tools/bin/../lib/gcc/arm-none-eabi/13.3.1/thumb/v7e-m+fp/hard/crtbegin.o

.data           0x20000000       0x64 load address 0x08005dc0
                0x20000000                        . = ALIGN (0x4)
                0x20000000                        _sdata = .
 *(.data)
 *(.data*)
 .data.lfsr     0x20000000        0x2 ./Src/HMATH_program.o
 *fill*         0x20000002        0x2 
 .data.GAME_SPEED
                0x20000004        0x4 ./Src/snake_prg.o
                0x20000004                GAME_SPEED
 .data.__sglue  0x20000008        0xc F:/STM32CubeIDE_1.19.0/STM32CubeIDE/plugins/com.st.stm32cube.ide.mcu.externaltools.gnu-tools-for-stm32.13.3.rel1.win32_1.0.0.202411081344/tools/bin/../lib/gcc/arm-none-eabi/13.3.1/../../../../arm-none-eabi/lib/thumb/v7e-m+fp/hard\libc_nano.a(libc_a-findfp.o)
                0x20000008                __sglue
 .data._impure_ptr
                0x20000014        0x4 F:/STM32CubeIDE_1.19.0/STM32CubeIDE/plugins/com.st.stm32cube.ide.mcu.externaltools.gnu-tools-for-stm32.13.3.rel1.win32_1.0.0.202411081344/tools/bin/../lib/gcc/arm-none-eabi/13.3.1/../../../../arm-none-eabi/lib/thumb/v7e-m+fp/hard\libc_nano.a(libc_a-impure.o)
                0x20000014                _impure_ptr
 .data._impure_data
                0x20000018       0x4c F:/STM32CubeIDE_1.19.0/STM32CubeIDE/plugins/com.st.stm32cube.ide.mcu.externaltools.gnu-tools-for-stm32.13.3.rel1.win32_1.0.0.202411081344/tools/bin/../lib/gcc/arm-none-eabi/13.3.1/../../../../arm-none-eabi/lib/thumb/v7e-m+fp/hard\libc_nano.a(libc_a-impure.o)
                0x20000018                _impure_data
 *(.RamFunc)
 *(.RamFunc*)
                0x20000064                        . = ALIGN (0x4)
                0x20000064                        _edata = .

.igot.plt       0x20000064        0x0 load address 0x08005e24
 .igot.plt      0x20000064        0x0 F:/STM32CubeIDE_1.19.0/STM32CubeIDE/plugins/com.st.stm32cube.ide.mcu.externaltools.gnu-tools-for-stm32.13.3.rel1.win32_1.0.0.202411081344/tools/bin/../lib/gcc/arm-none-eabi/13.3.1/thumb/v7e-m+fp/hard/crtbegin.o
                0x20000064                        . = ALIGN (0x4)

.bss            0x20000064     0xa478 load address 0x08005e24
                0x20000064                        _sbss = .
                0x20000064                        __bss_start__ = _sbss
 *(.bss)
 .bss           0x20000064       0x1c F:/STM32CubeIDE_1.19.0/STM32CubeIDE/plugins/com.st.stm32cube.ide.mcu.externaltools.gnu-tools-for-stm32.13.3.rel1.win32_1.0.0.202411081344/tools/bin/../lib/gcc/arm-none-eabi/13.3.1/thumb/v7e-m+fp/hard/crtbegin.o
 *(.bss*)
 .bss.GlobalFrameBuffer
                0x20000080     0xa000 ./Src/FrameBuffer.o
                0x20000080                GlobalFrameBuffer
 .bss.current_question
                0x2000a080        0xe ./Src/HMATH_program.o
 .bss.game_state
                0x2000a08e        0x1 ./Src/HMATH_program.o
 .bss.score     0x2000a08f        0x1 ./Src/HMATH_program.o
 .bss.question_number
                0x2000a090        0x1 ./Src/HMATH_program.o
 .bss.selected_option
                0x2000a091        0x1 ./Src/HMATH_program.o
 .bss.btnAPressed
                0x2000a092        0x1 ./Src/HMATH_program.o
 .bss.btnBPressed
                0x2000a093        0x1 ./Src/HMATH_program.o
 .bss.btnCPressed
                0x2000a094        0x1 ./Src/HMATH_program.o
 *fill*         0x2000a095        0x3 
 .bss.feedback_start_time
                0x2000a098        0x4 ./Src/HMATH_program.o
 .bss.t.0       0x2000a09c        0x4 ./Src/HMATH_program.o
 .bss.HMEM_board
                0x2000a0a0        0xc ./Src/HMEM_program.o
 .bss.HMEM_cursor_row
                0x2000a0ac        0x1 ./Src/HMEM_program.o
 .bss.HMEM_cursor_col
                0x2000a0ad        0x1 ./Src/HMEM_program.o
 .bss.HMEM_game_state
                0x2000a0ae        0x1 ./Src/HMEM_program.o
 *fill*         0x2000a0af        0x1 
 .bss.HMEM_move_count
                0x2000a0b0        0x2 ./Src/HMEM_program.o
 .bss.HMEM_first_flipped_row
                0x2000a0b2        0x1 ./Src/HMEM_program.o
 .bss.HMEM_first_flipped_col
                0x2000a0b3        0x1 ./Src/HMEM_program.o
 .bss.HMEM_second_flipped_row
                0x2000a0b4        0x1 ./Src/HMEM_program.o
 .bss.HMEM_second_flipped_col
                0x2000a0b5        0x1 ./Src/HMEM_program.o
 .bss.HMEM_flipped_count
                0x2000a0b6        0x1 ./Src/HMEM_program.o
 *fill*         0x2000a0b7        0x1 
 .bss.HMEM_mismatch_start_time
                0x2000a0b8        0x4 ./Src/HMEM_program.o
 .bss.btnFlipPressed
                0x2000a0bc        0x1 ./Src/HMEM_program.o
 .bss.btnNextPressed
                0x2000a0bd        0x1 ./Src/HMEM_program.o
 .bss.btnResetPressed
                0x2000a0be        0x1 ./Src/HMEM_program.o
 *fill*         0x2000a0bf        0x1 
 .bss.win_flash_start.1
                0x2000a0c0        0x4 ./Src/HMEM_program.o
 .bss.t.0       0x2000a0c4        0x4 ./Src/HMEM_program.o
 .bss.selected  0x2000a0c8        0x1 ./Src/HMENU_program.o
 *fill*         0x2000a0c9        0x3 
 .bss.board     0x2000a0cc        0x9 ./Src/HXO_program.o
 .bss.currentPlayer
                0x2000a0d5        0x1 ./Src/HXO_program.o
 .bss.gameState
                0x2000a0d6        0x1 ./Src/HXO_program.o
 .bss.cursorRow
                0x2000a0d7        0x1 ./Src/HXO_program.o
 .bss.cursorCol
                0x2000a0d8        0x1 ./Src/HXO_program.o
 .bss.btnXPressed
                0x2000a0d9        0x1 ./Src/HXO_program.o
 .bss.btnOPressed
                0x2000a0da        0x1 ./Src/HXO_program.o
 .bss.btnNextPressed
                0x2000a0db        0x1 ./Src/HXO_program.o
 .bss.GLOBAL_PTR
                0x2000a0dc       0x40 ./Src/MEXTI_Program.o
 .bss.Global_ptr
                0x2000a11c        0x4 ./Src/MSTK_prg.o
 .bss.flag      0x2000a120        0x1 ./Src/MSTK_prg.o
 *fill*         0x2000a121        0x3 
 .bss.game      0x2000a124      0x262 ./Src/snake_prg.o
 .bss.btnLeftPressed
                0x2000a386        0x1 ./Src/snake_prg.o
 .bss.btnRightPressed
                0x2000a387        0x1 ./Src/snake_prg.o
 .bss.btnRestartPressed
                0x2000a388        0x1 ./Src/snake_prg.o
 *fill*         0x2000a389        0x3 
 .bss.__sbrk_heap_end
                0x2000a38c        0x4 ./Src/sysmem.o
 .bss.__sf      0x2000a390      0x138 F:/STM32CubeIDE_1.19.0/STM32CubeIDE/plugins/com.st.stm32cube.ide.mcu.externaltools.gnu-tools-for-stm32.13.3.rel1.win32_1.0.0.202411081344/tools/bin/../lib/gcc/arm-none-eabi/13.3.1/../../../../arm-none-eabi/lib/thumb/v7e-m+fp/hard\libc_nano.a(libc_a-findfp.o)
                0x2000a390                __sf
 .bss.__stdio_exit_handler
                0x2000a4c8        0x4 F:/STM32CubeIDE_1.19.0/STM32CubeIDE/plugins/com.st.stm32cube.ide.mcu.externaltools.gnu-tools-for-stm32.13.3.rel1.win32_1.0.0.202411081344/tools/bin/../lib/gcc/arm-none-eabi/13.3.1/../../../../arm-none-eabi/lib/thumb/v7e-m+fp/hard\libc_nano.a(libc_a-findfp.o)
                0x2000a4c8                __stdio_exit_handler
 .bss.errno     0x2000a4cc        0x4 F:/STM32CubeIDE_1.19.0/STM32CubeIDE/plugins/com.st.stm32cube.ide.mcu.externaltools.gnu-tools-for-stm32.13.3.rel1.win32_1.0.0.202411081344/tools/bin/../lib/gcc/arm-none-eabi/13.3.1/../../../../arm-none-eabi/lib/thumb/v7e-m+fp/hard\libc_nano.a(libc_a-reent.o)
                0x2000a4cc                errno
 .bss.__lock___malloc_recursive_mutex
                0x2000a4d0        0x1 F:/STM32CubeIDE_1.19.0/STM32CubeIDE/plugins/com.st.stm32cube.ide.mcu.externaltools.gnu-tools-for-stm32.13.3.rel1.win32_1.0.0.202411081344/tools/bin/../lib/gcc/arm-none-eabi/13.3.1/../../../../arm-none-eabi/lib/thumb/v7e-m+fp/hard\libc_nano.a(libc_a-lock.o)
                0x2000a4d0                __lock___malloc_recursive_mutex
 .bss.__lock___sfp_recursive_mutex
                0x2000a4d1        0x1 F:/STM32CubeIDE_1.19.0/STM32CubeIDE/plugins/com.st.stm32cube.ide.mcu.externaltools.gnu-tools-for-stm32.13.3.rel1.win32_1.0.0.202411081344/tools/bin/../lib/gcc/arm-none-eabi/13.3.1/../../../../arm-none-eabi/lib/thumb/v7e-m+fp/hard\libc_nano.a(libc_a-lock.o)
                0x2000a4d1                __lock___sfp_recursive_mutex
 *fill*         0x2000a4d2        0x2 
 .bss.__malloc_sbrk_start
                0x2000a4d4        0x4 F:/STM32CubeIDE_1.19.0/STM32CubeIDE/plugins/com.st.stm32cube.ide.mcu.externaltools.gnu-tools-for-stm32.13.3.rel1.win32_1.0.0.202411081344/tools/bin/../lib/gcc/arm-none-eabi/13.3.1/../../../../arm-none-eabi/lib/thumb/v7e-m+fp/hard\libc_nano.a(libc_a-mallocr.o)
                0x2000a4d4                __malloc_sbrk_start
 .bss.__malloc_free_list
                0x2000a4d8        0x4 F:/STM32CubeIDE_1.19.0/STM32CubeIDE/plugins/com.st.stm32cube.ide.mcu.externaltools.gnu-tools-for-stm32.13.3.rel1.win32_1.0.0.202411081344/tools/bin/../lib/gcc/arm-none-eabi/13.3.1/../../../../arm-none-eabi/lib/thumb/v7e-m+fp/hard\libc_nano.a(libc_a-mallocr.o)
                0x2000a4d8                __malloc_free_list
 *(COMMON)
                0x2000a4dc                        . = ALIGN (0x4)
                0x2000a4dc                        _ebss = .
                0x2000a4dc                        __bss_end__ = _ebss

._user_heap_stack
                0x2000a4dc      0x604 load address 0x08005e24
                0x2000a4e0                        . = ALIGN (0x8)
 *fill*         0x2000a4dc        0x4 
                [!provide]                        PROVIDE (end = .)
                0x2000a4e0                        PROVIDE (_end = .)
                0x2000a6e0                        . = (. + _Min_Heap_Size)
 *fill*         0x2000a4e0      0x200 
                0x2000aae0                        . = (. + _Min_Stack_Size)
 *fill*         0x2000a6e0      0x400 
                0x2000aae0                        . = ALIGN (0x8)

/DISCARD/
 libc.a(*)
 libm.a(*)
 libgcc.a(*)

.ARM.attributes
                0x00000000       0x30
 *(.ARM.attributes)
 .ARM.attributes
                0x00000000       0x22 F:/STM32CubeIDE_1.19.0/STM32CubeIDE/plugins/com.st.stm32cube.ide.mcu.externaltools.gnu-tools-for-stm32.13.3.rel1.win32_1.0.0.202411081344/tools/bin/../lib/gcc/arm-none-eabi/13.3.1/thumb/v7e-m+fp/hard/crti.o
 .ARM.attributes
                0x00000022       0x34 F:/STM32CubeIDE_1.19.0/STM32CubeIDE/plugins/com.st.stm32cube.ide.mcu.externaltools.gnu-tools-for-stm32.13.3.rel1.win32_1.0.0.202411081344/tools/bin/../lib/gcc/arm-none-eabi/13.3.1/thumb/v7e-m+fp/hard/crtbegin.o
 .ARM.attributes
                0x00000056       0x34 ./Src/FrameBuffer.o
 .ARM.attributes
                0x0000008a       0x34 ./Src/HMATH_program.o
 .ARM.attributes
                0x000000be       0x34 ./Src/HMEM_program.o
 .ARM.attributes
                0x000000f2       0x34 ./Src/HMENU_program.o
 .ARM.attributes
                0x00000126       0x34 ./Src/HTFT_prg.o
 .ARM.attributes
                0x0000015a       0x34 ./Src/HXO_program.o
 .ARM.attributes
                0x0000018e       0x34 ./Src/MEXTI_Program.o
 .ARM.attributes
                0x000001c2       0x34 ./Src/MGPIO_prg.o
 .ARM.attributes
                0x000001f6       0x34 ./Src/MNVIC_Program.o
 .ARM.attributes
                0x0000022a       0x34 ./Src/MRCC_prg.o
 .ARM.attributes
                0x0000025e       0x34 ./Src/MSPI_prg.o
 .ARM.attributes
                0x00000292       0x34 ./Src/MSTK_prg.o
 .ARM.attributes
                0x000002c6       0x34 ./Src/main.o
 .ARM.attributes
                0x000002fa       0x34 ./Src/snake_prg.o
 .ARM.attributes
                0x0000032e       0x34 ./Src/syscalls.o
 .ARM.attributes
                0x00000362       0x34 ./Src/sysmem.o
 .ARM.attributes
                0x00000396       0x21 ./Startup/startup_stm32f401ccux.o
 .ARM.attributes
                0x000003b7       0x34 F:/STM32CubeIDE_1.19.0/STM32CubeIDE/plugins/com.st.stm32cube.ide.mcu.externaltools.gnu-tools-for-stm32.13.3.rel1.win32_1.0.0.202411081344/tools/bin/../lib/gcc/arm-none-eabi/13.3.1/../../../../arm-none-eabi/lib/thumb/v7e-m+fp/hard\libc_nano.a(libc_a-rand.o)
 .ARM.attributes
                0x000003eb       0x34 F:/STM32CubeIDE_1.19.0/STM32CubeIDE/plugins/com.st.stm32cube.ide.mcu.externaltools.gnu-tools-for-stm32.13.3.rel1.win32_1.0.0.202411081344/tools/bin/../lib/gcc/arm-none-eabi/13.3.1/../../../../arm-none-eabi/lib/thumb/v7e-m+fp/hard\libc_nano.a(libc_a-findfp.o)
 .ARM.attributes
                0x0000041f       0x34 F:/STM32CubeIDE_1.19.0/STM32CubeIDE/plugins/com.st.stm32cube.ide.mcu.externaltools.gnu-tools-for-stm32.13.3.rel1.win32_1.0.0.202411081344/tools/bin/../lib/gcc/arm-none-eabi/13.3.1/../../../../arm-none-eabi/lib/thumb/v7e-m+fp/hard\libc_nano.a(libc_a-fwalk.o)
 .ARM.attributes
                0x00000453       0x34 F:/STM32CubeIDE_1.19.0/STM32CubeIDE/plugins/com.st.stm32cube.ide.mcu.externaltools.gnu-tools-for-stm32.13.3.rel1.win32_1.0.0.202411081344/tools/bin/../lib/gcc/arm-none-eabi/13.3.1/../../../../arm-none-eabi/lib/thumb/v7e-m+fp/hard\libc_nano.a(libc_a-stdio.o)
 .ARM.attributes
                0x00000487       0x34 F:/STM32CubeIDE_1.19.0/STM32CubeIDE/plugins/com.st.stm32cube.ide.mcu.externaltools.gnu-tools-for-stm32.13.3.rel1.win32_1.0.0.202411081344/tools/bin/../lib/gcc/arm-none-eabi/13.3.1/../../../../arm-none-eabi/lib/thumb/v7e-m+fp/hard\libc_nano.a(libc_a-memset.o)
 .ARM.attributes
                0x000004bb       0x34 F:/STM32CubeIDE_1.19.0/STM32CubeIDE/plugins/com.st.stm32cube.ide.mcu.externaltools.gnu-tools-for-stm32.13.3.rel1.win32_1.0.0.202411081344/tools/bin/../lib/gcc/arm-none-eabi/13.3.1/../../../../arm-none-eabi/lib/thumb/v7e-m+fp/hard\libc_nano.a(libc_a-closer.o)
 .ARM.attributes
                0x000004ef       0x34 F:/STM32CubeIDE_1.19.0/STM32CubeIDE/plugins/com.st.stm32cube.ide.mcu.externaltools.gnu-tools-for-stm32.13.3.rel1.win32_1.0.0.202411081344/tools/bin/../lib/gcc/arm-none-eabi/13.3.1/../../../../arm-none-eabi/lib/thumb/v7e-m+fp/hard\libc_nano.a(libc_a-reent.o)
 .ARM.attributes
                0x00000523       0x34 F:/STM32CubeIDE_1.19.0/STM32CubeIDE/plugins/com.st.stm32cube.ide.mcu.externaltools.gnu-tools-for-stm32.13.3.rel1.win32_1.0.0.202411081344/tools/bin/../lib/gcc/arm-none-eabi/13.3.1/../../../../arm-none-eabi/lib/thumb/v7e-m+fp/hard\libc_nano.a(libc_a-impure.o)
 .ARM.attributes
                0x00000557       0x34 F:/STM32CubeIDE_1.19.0/STM32CubeIDE/plugins/com.st.stm32cube.ide.mcu.externaltools.gnu-tools-for-stm32.13.3.rel1.win32_1.0.0.202411081344/tools/bin/../lib/gcc/arm-none-eabi/13.3.1/../../../../arm-none-eabi/lib/thumb/v7e-m+fp/hard\libc_nano.a(libc_a-lseekr.o)
 .ARM.attributes
                0x0000058b       0x34 F:/STM32CubeIDE_1.19.0/STM32CubeIDE/plugins/com.st.stm32cube.ide.mcu.externaltools.gnu-tools-for-stm32.13.3.rel1.win32_1.0.0.202411081344/tools/bin/../lib/gcc/arm-none-eabi/13.3.1/../../../../arm-none-eabi/lib/thumb/v7e-m+fp/hard\libc_nano.a(libc_a-readr.o)
 .ARM.attributes
                0x000005bf       0x34 F:/STM32CubeIDE_1.19.0/STM32CubeIDE/plugins/com.st.stm32cube.ide.mcu.externaltools.gnu-tools-for-stm32.13.3.rel1.win32_1.0.0.202411081344/tools/bin/../lib/gcc/arm-none-eabi/13.3.1/../../../../arm-none-eabi/lib/thumb/v7e-m+fp/hard\libc_nano.a(libc_a-writer.o)
 .ARM.attributes
                0x000005f3       0x34 F:/STM32CubeIDE_1.19.0/STM32CubeIDE/plugins/com.st.stm32cube.ide.mcu.externaltools.gnu-tools-for-stm32.13.3.rel1.win32_1.0.0.202411081344/tools/bin/../lib/gcc/arm-none-eabi/13.3.1/../../../../arm-none-eabi/lib/thumb/v7e-m+fp/hard\libc_nano.a(libc_a-errno.o)
 .ARM.attributes
                0x00000627       0x34 F:/STM32CubeIDE_1.19.0/STM32CubeIDE/plugins/com.st.stm32cube.ide.mcu.externaltools.gnu-tools-for-stm32.13.3.rel1.win32_1.0.0.202411081344/tools/bin/../lib/gcc/arm-none-eabi/13.3.1/../../../../arm-none-eabi/lib/thumb/v7e-m+fp/hard\libc_nano.a(libc_a-init.o)
 .ARM.attributes
                0x0000065b       0x34 F:/STM32CubeIDE_1.19.0/STM32CubeIDE/plugins/com.st.stm32cube.ide.mcu.externaltools.gnu-tools-for-stm32.13.3.rel1.win32_1.0.0.202411081344/tools/bin/../lib/gcc/arm-none-eabi/13.3.1/../../../../arm-none-eabi/lib/thumb/v7e-m+fp/hard\libc_nano.a(libc_a-lock.o)
 .ARM.attributes
                0x0000068f       0x34 F:/STM32CubeIDE_1.19.0/STM32CubeIDE/plugins/com.st.stm32cube.ide.mcu.externaltools.gnu-tools-for-stm32.13.3.rel1.win32_1.0.0.202411081344/tools/bin/../lib/gcc/arm-none-eabi/13.3.1/../../../../arm-none-eabi/lib/thumb/v7e-m+fp/hard\libc_nano.a(libc_a-assert.o)
 .ARM.attributes
                0x000006c3       0x34 F:/STM32CubeIDE_1.19.0/STM32CubeIDE/plugins/com.st.stm32cube.ide.mcu.externaltools.gnu-tools-for-stm32.13.3.rel1.win32_1.0.0.202411081344/tools/bin/../lib/gcc/arm-none-eabi/13.3.1/../../../../arm-none-eabi/lib/thumb/v7e-m+fp/hard\libc_nano.a(libc_a-freer.o)
 .ARM.attributes
                0x000006f7       0x34 F:/STM32CubeIDE_1.19.0/STM32CubeIDE/plugins/com.st.stm32cube.ide.mcu.externaltools.gnu-tools-for-stm32.13.3.rel1.win32_1.0.0.202411081344/tools/bin/../lib/gcc/arm-none-eabi/13.3.1/../../../../arm-none-eabi/lib/thumb/v7e-m+fp/hard\libc_nano.a(libc_a-malloc.o)
 .ARM.attributes
                0x0000072b       0x34 F:/STM32CubeIDE_1.19.0/STM32CubeIDE/plugins/com.st.stm32cube.ide.mcu.externaltools.gnu-tools-for-stm32.13.3.rel1.win32_1.0.0.202411081344/tools/bin/../lib/gcc/arm-none-eabi/13.3.1/../../../../arm-none-eabi/lib/thumb/v7e-m+fp/hard\libc_nano.a(libc_a-mallocr.o)
 .ARM.attributes
                0x0000075f       0x34 F:/STM32CubeIDE_1.19.0/STM32CubeIDE/plugins/com.st.stm32cube.ide.mcu.externaltools.gnu-tools-for-stm32.13.3.rel1.win32_1.0.0.202411081344/tools/bin/../lib/gcc/arm-none-eabi/13.3.1/../../../../arm-none-eabi/lib/thumb/v7e-m+fp/hard\libc_nano.a(libc_a-mlock.o)
 .ARM.attributes
                0x00000793       0x34 F:/STM32CubeIDE_1.19.0/STM32CubeIDE/plugins/com.st.stm32cube.ide.mcu.externaltools.gnu-tools-for-stm32.13.3.rel1.win32_1.0.0.202411081344/tools/bin/../lib/gcc/arm-none-eabi/13.3.1/../../../../arm-none-eabi/lib/thumb/v7e-m+fp/hard\libc_nano.a(libc_a-fflush.o)
 .ARM.attributes
                0x000007c7       0x34 F:/STM32CubeIDE_1.19.0/STM32CubeIDE/plugins/com.st.stm32cube.ide.mcu.externaltools.gnu-tools-for-stm32.13.3.rel1.win32_1.0.0.202411081344/tools/bin/../lib/gcc/arm-none-eabi/13.3.1/../../../../arm-none-eabi/lib/thumb/v7e-m+fp/hard\libc_nano.a(libc_a-fprintf.o)
 .ARM.attributes
                0x000007fb       0x34 F:/STM32CubeIDE_1.19.0/STM32CubeIDE/plugins/com.st.stm32cube.ide.mcu.externaltools.gnu-tools-for-stm32.13.3.rel1.win32_1.0.0.202411081344/tools/bin/../lib/gcc/arm-none-eabi/13.3.1/../../../../arm-none-eabi/lib/thumb/v7e-m+fp/hard\libc_nano.a(libc_a-sbrkr.o)
 .ARM.attributes
                0x0000082f       0x34 F:/STM32CubeIDE_1.19.0/STM32CubeIDE/plugins/com.st.stm32cube.ide.mcu.externaltools.gnu-tools-for-stm32.13.3.rel1.win32_1.0.0.202411081344/tools/bin/../lib/gcc/arm-none-eabi/13.3.1/../../../../arm-none-eabi/lib/thumb/v7e-m+fp/hard\libc_nano.a(libc_a-abort.o)
 .ARM.attributes
                0x00000863       0x34 F:/STM32CubeIDE_1.19.0/STM32CubeIDE/plugins/com.st.stm32cube.ide.mcu.externaltools.gnu-tools-for-stm32.13.3.rel1.win32_1.0.0.202411081344/tools/bin/../lib/gcc/arm-none-eabi/13.3.1/../../../../arm-none-eabi/lib/thumb/v7e-m+fp/hard\libc_nano.a(libc_a-nano-vfprintf.o)
 .ARM.attributes
                0x00000897       0x34 F:/STM32CubeIDE_1.19.0/STM32CubeIDE/plugins/com.st.stm32cube.ide.mcu.externaltools.gnu-tools-for-stm32.13.3.rel1.win32_1.0.0.202411081344/tools/bin/../lib/gcc/arm-none-eabi/13.3.1/../../../../arm-none-eabi/lib/thumb/v7e-m+fp/hard\libc_nano.a(libc_a-nano-vfprintf_i.o)
 .ARM.attributes
                0x000008cb       0x34 F:/STM32CubeIDE_1.19.0/STM32CubeIDE/plugins/com.st.stm32cube.ide.mcu.externaltools.gnu-tools-for-stm32.13.3.rel1.win32_1.0.0.202411081344/tools/bin/../lib/gcc/arm-none-eabi/13.3.1/../../../../arm-none-eabi/lib/thumb/v7e-m+fp/hard\libc_nano.a(libc_a-wbuf.o)
 .ARM.attributes
                0x000008ff       0x34 F:/STM32CubeIDE_1.19.0/STM32CubeIDE/plugins/com.st.stm32cube.ide.mcu.externaltools.gnu-tools-for-stm32.13.3.rel1.win32_1.0.0.202411081344/tools/bin/../lib/gcc/arm-none-eabi/13.3.1/../../../../arm-none-eabi/lib/thumb/v7e-m+fp/hard\libc_nano.a(libc_a-wsetup.o)
 .ARM.attributes
                0x00000933       0x34 F:/STM32CubeIDE_1.19.0/STM32CubeIDE/plugins/com.st.stm32cube.ide.mcu.externaltools.gnu-tools-for-stm32.13.3.rel1.win32_1.0.0.202411081344/tools/bin/../lib/gcc/arm-none-eabi/13.3.1/../../../../arm-none-eabi/lib/thumb/v7e-m+fp/hard\libc_nano.a(libc_a-signal.o)
 .ARM.attributes
                0x00000967       0x34 F:/STM32CubeIDE_1.19.0/STM32CubeIDE/plugins/com.st.stm32cube.ide.mcu.externaltools.gnu-tools-for-stm32.13.3.rel1.win32_1.0.0.202411081344/tools/bin/../lib/gcc/arm-none-eabi/13.3.1/../../../../arm-none-eabi/lib/thumb/v7e-m+fp/hard\libc_nano.a(libc_a-signalr.o)
 .ARM.attributes
                0x0000099b       0x1c F:/STM32CubeIDE_1.19.0/STM32CubeIDE/plugins/com.st.stm32cube.ide.mcu.externaltools.gnu-tools-for-stm32.13.3.rel1.win32_1.0.0.202411081344/tools/bin/../lib/gcc/arm-none-eabi/13.3.1/../../../../arm-none-eabi/lib/thumb/v7e-m+fp/hard\libc_nano.a(libc_a-memchr.o)
 .ARM.attributes
                0x000009b7       0x34 F:/STM32CubeIDE_1.19.0/STM32CubeIDE/plugins/com.st.stm32cube.ide.mcu.externaltools.gnu-tools-for-stm32.13.3.rel1.win32_1.0.0.202411081344/tools/bin/../lib/gcc/arm-none-eabi/13.3.1/../../../../arm-none-eabi/lib/thumb/v7e-m+fp/hard\libc_nano.a(libc_a-makebuf.o)
 .ARM.attributes
                0x000009eb       0x34 F:/STM32CubeIDE_1.19.0/STM32CubeIDE/plugins/com.st.stm32cube.ide.mcu.externaltools.gnu-tools-for-stm32.13.3.rel1.win32_1.0.0.202411081344/tools/bin/../lib/gcc/arm-none-eabi/13.3.1/../../../../arm-none-eabi/lib/thumb/v7e-m+fp/hard\libc_nano.a(libc_a-fstatr.o)
 .ARM.attributes
                0x00000a1f       0x34 F:/STM32CubeIDE_1.19.0/STM32CubeIDE/plugins/com.st.stm32cube.ide.mcu.externaltools.gnu-tools-for-stm32.13.3.rel1.win32_1.0.0.202411081344/tools/bin/../lib/gcc/arm-none-eabi/13.3.1/../../../../arm-none-eabi/lib/thumb/v7e-m+fp/hard\libc_nano.a(libc_a-isattyr.o)
 .ARM.attributes
                0x00000a53       0x22 F:/STM32CubeIDE_1.19.0/STM32CubeIDE/plugins/com.st.stm32cube.ide.mcu.externaltools.gnu-tools-for-stm32.13.3.rel1.win32_1.0.0.202411081344/tools/bin/../lib/gcc/arm-none-eabi/13.3.1/thumb/v7e-m+fp/hard/crtn.o
OUTPUT(gaming_hub.elf elf32-littlearm)
LOAD linker stubs
LOAD F:/STM32CubeIDE_1.19.0/STM32CubeIDE/plugins/com.st.stm32cube.ide.mcu.externaltools.gnu-tools-for-stm32.13.3.rel1.win32_1.0.0.202411081344/tools/bin/../lib/gcc/arm-none-eabi/13.3.1/../../../../arm-none-eabi/lib/thumb/v7e-m+fp/hard\libc.a
LOAD F:/STM32CubeIDE_1.19.0/STM32CubeIDE/plugins/com.st.stm32cube.ide.mcu.externaltools.gnu-tools-for-stm32.13.3.rel1.win32_1.0.0.202411081344/tools/bin/../lib/gcc/arm-none-eabi/13.3.1/../../../../arm-none-eabi/lib/thumb/v7e-m+fp/hard\libm.a
LOAD F:/STM32CubeIDE_1.19.0/STM32CubeIDE/plugins/com.st.stm32cube.ide.mcu.externaltools.gnu-tools-for-stm32.13.3.rel1.win32_1.0.0.202411081344/tools/bin/../lib/gcc/arm-none-eabi/13.3.1/thumb/v7e-m+fp/hard\libgcc.a

.debug_info     0x00000000     0x4b8e
 .debug_info    0x00000000       0x99 ./Src/FrameBuffer.o
 .debug_info    0x00000099      0xa39 ./Src/HMATH_program.o
 .debug_info    0x00000ad2      0xb87 ./Src/HMEM_program.o
 .debug_info    0x00001659      0x566 ./Src/HMENU_program.o
 .debug_info    0x00001bbf      0x2fb ./Src/HTFT_prg.o
 .debug_info    0x00001eba      0x805 ./Src/HXO_program.o
 .debug_info    0x000026bf      0x3a8 ./Src/MEXTI_Program.o
 .debug_info    0x00002a67      0x4a3 ./Src/MGPIO_prg.o
 .debug_info    0x00002f0a      0x2ee ./Src/MNVIC_Program.o
 .debug_info    0x000031f8      0x2a3 ./Src/MRCC_prg.o
 .debug_info    0x0000349b      0x138 ./Src/MSPI_prg.o
 .debug_info    0x000035d3      0x260 ./Src/MSTK_prg.o
 .debug_info    0x00003833      0x424 ./Src/main.o
 .debug_info    0x00003c57      0x6fc ./Src/snake_prg.o
 .debug_info    0x00004353      0x6a3 ./Src/syscalls.o
 .debug_info    0x000049f6      0x168 ./Src/sysmem.o
 .debug_info    0x00004b5e       0x30 ./Startup/startup_stm32f401ccux.o

.debug_abbrev   0x00000000     0x17a7
 .debug_abbrev  0x00000000       0x60 ./Src/FrameBuffer.o
 .debug_abbrev  0x00000060      0x291 ./Src/HMATH_program.o
 .debug_abbrev  0x000002f1      0x285 ./Src/HMEM_program.o
 .debug_abbrev  0x00000576      0x1e4 ./Src/HMENU_program.o
 .debug_abbrev  0x0000075a      0x120 ./Src/HTFT_prg.o
 .debug_abbrev  0x0000087a      0x1e5 ./Src/HXO_program.o
 .debug_abbrev  0x00000a5f      0x178 ./Src/MEXTI_Program.o
 .debug_abbrev  0x00000bd7      0x115 ./Src/MGPIO_prg.o
 .debug_abbrev  0x00000cec      0x147 ./Src/MNVIC_Program.o
 .debug_abbrev  0x00000e33       0xed ./Src/MRCC_prg.o
 .debug_abbrev  0x00000f20       0xbd ./Src/MSPI_prg.o
 .debug_abbrev  0x00000fdd      0x15f ./Src/MSTK_prg.o
 .debug_abbrev  0x0000113c      0x10a ./Src/main.o
 .debug_abbrev  0x00001246      0x2cb ./Src/snake_prg.o
 .debug_abbrev  0x00001511      0x1b6 ./Src/syscalls.o
 .debug_abbrev  0x000016c7       0xbc ./Src/sysmem.o
 .debug_abbrev  0x00001783       0x24 ./Startup/startup_stm32f401ccux.o

.debug_aranges  0x00000000      0x6a8
 .debug_aranges
                0x00000000       0x18 ./Src/FrameBuffer.o
 .debug_aranges
                0x00000018       0xe0 ./Src/HMATH_program.o
 .debug_aranges
                0x000000f8       0xc0 ./Src/HMEM_program.o
 .debug_aranges
                0x000001b8       0x70 ./Src/HMENU_program.o
 .debug_aranges
                0x00000228       0x38 ./Src/HTFT_prg.o
 .debug_aranges
                0x00000260       0x88 ./Src/HXO_program.o
 .debug_aranges
                0x000002e8       0x78 ./Src/MEXTI_Program.o
 .debug_aranges
                0x00000360       0x50 ./Src/MGPIO_prg.o
 .debug_aranges
                0x000003b0       0x50 ./Src/MNVIC_Program.o
 .debug_aranges
                0x00000400       0x30 ./Src/MRCC_prg.o
 .debug_aranges
                0x00000430       0x30 ./Src/MSPI_prg.o
 .debug_aranges
                0x00000460       0x70 ./Src/MSTK_prg.o
 .debug_aranges
                0x000004d0       0x28 ./Src/main.o
 .debug_aranges
                0x000004f8       0xc0 ./Src/snake_prg.o
 .debug_aranges
                0x000005b8       0xa8 ./Src/syscalls.o
 .debug_aranges
                0x00000660       0x20 ./Src/sysmem.o
 .debug_aranges
                0x00000680       0x28 ./Startup/startup_stm32f401ccux.o

.debug_macro    0x00000000     0x3811
 .debug_macro   0x00000000       0x35 ./Src/FrameBuffer.o
 .debug_macro   0x00000035      0xade ./Src/FrameBuffer.o
 .debug_macro   0x00000b13       0x10 ./Src/FrameBuffer.o
 .debug_macro   0x00000b23       0x52 ./Src/FrameBuffer.o
 .debug_macro   0x00000b75      0x18d ./Src/HMATH_program.o
 .debug_macro   0x00000d02       0x2a ./Src/HMATH_program.o
 .debug_macro   0x00000d2c       0x22 ./Src/HMATH_program.o
 .debug_macro   0x00000d4e       0x5b ./Src/HMATH_program.o
 .debug_macro   0x00000da9       0x94 ./Src/HMATH_program.o
 .debug_macro   0x00000e3d       0x43 ./Src/HMATH_program.o
 .debug_macro   0x00000e80       0x34 ./Src/HMATH_program.o
 .debug_macro   0x00000eb4       0x16 ./Src/HMATH_program.o
 .debug_macro   0x00000eca      0x11c ./Src/HMATH_program.o
 .debug_macro   0x00000fe6       0x9b ./Src/HMATH_program.o
 .debug_macro   0x00001081       0x57 ./Src/HMATH_program.o
 .debug_macro   0x000010d8      0x370 ./Src/HMATH_program.o
 .debug_macro   0x00001448       0x16 ./Src/HMATH_program.o
 .debug_macro   0x0000145e       0x4a ./Src/HMATH_program.o
 .debug_macro   0x000014a8       0x34 ./Src/HMATH_program.o
 .debug_macro   0x000014dc       0x10 ./Src/HMATH_program.o
 .debug_macro   0x000014ec       0x58 ./Src/HMATH_program.o
 .debug_macro   0x00001544       0x8e ./Src/HMATH_program.o
 .debug_macro   0x000015d2       0x1c ./Src/HMATH_program.o
 .debug_macro   0x000015ee      0x185 ./Src/HMATH_program.o
 .debug_macro   0x00001773       0x16 ./Src/HMATH_program.o
 .debug_macro   0x00001789       0x29 ./Src/HMATH_program.o
 .debug_macro   0x000017b2       0x22 ./Src/HMATH_program.o
 .debug_macro   0x000017d4       0x9a ./Src/HMATH_program.o
 .debug_macro   0x0000186e      0x1bd ./Src/HMEM_program.o
 .debug_macro   0x00001a2b       0x16 ./Src/HMEM_program.o
 .debug_macro   0x00001a41       0x3c ./Src/HMEM_program.o
 .debug_macro   0x00001a7d       0x20 ./Src/HMEM_program.o
 .debug_macro   0x00001a9d       0xac ./Src/HMEM_program.o
 .debug_macro   0x00001b49       0xfb ./Src/HMENU_program.o
 .debug_macro   0x00001c44       0x5d ./Src/HTFT_prg.o
 .debug_macro   0x00001ca1       0x3a ./Src/HTFT_prg.o
 .debug_macro   0x00001cdb       0xb5 ./Src/HXO_program.o
 .debug_macro   0x00001d90       0x40 ./Src/MEXTI_Program.o
 .debug_macro   0x00001dd0       0x2e ./Src/MEXTI_Program.o
 .debug_macro   0x00001dfe       0x36 ./Src/MGPIO_prg.o
 .debug_macro   0x00001e34       0x3a ./Src/MGPIO_prg.o
 .debug_macro   0x00001e6e       0x40 ./Src/MNVIC_Program.o
 .debug_macro   0x00001eae       0x28 ./Src/MNVIC_Program.o
 .debug_macro   0x00001ed6       0x3e ./Src/MRCC_prg.o
 .debug_macro   0x00001f14       0x10 ./Src/MRCC_prg.o
 .debug_macro   0x00001f24       0x40 ./Src/MRCC_prg.o
 .debug_macro   0x00001f64       0x8e ./Src/MRCC_prg.o
 .debug_macro   0x00001ff2       0x40 ./Src/MSPI_prg.o
 .debug_macro   0x00002032       0x64 ./Src/MSPI_prg.o
 .debug_macro   0x00002096       0x3f ./Src/MSTK_prg.o
 .debug_macro   0x000020d5       0x3a ./Src/MSTK_prg.o
 .debug_macro   0x0000210f       0x10 ./Src/MSTK_prg.o
 .debug_macro   0x0000211f       0x72 ./Src/main.o
 .debug_macro   0x00002191      0x171 ./Src/snake_prg.o
 .debug_macro   0x00002302       0x5e ./Src/snake_prg.o
 .debug_macro   0x00002360      0x274 ./Src/syscalls.o
 .debug_macro   0x000025d4      0x190 ./Src/syscalls.o
 .debug_macro   0x00002764       0x10 ./Src/syscalls.o
 .debug_macro   0x00002774       0x10 ./Src/syscalls.o
 .debug_macro   0x00002784       0x10 ./Src/syscalls.o
 .debug_macro   0x00002794       0x10 ./Src/syscalls.o
 .debug_macro   0x000027a4       0x6a ./Src/syscalls.o
 .debug_macro   0x0000280e       0x1c ./Src/syscalls.o
 .debug_macro   0x0000282a       0x52 ./Src/syscalls.o
 .debug_macro   0x0000287c       0x22 ./Src/syscalls.o
 .debug_macro   0x0000289e       0x10 ./Src/syscalls.o
 .debug_macro   0x000028ae       0x52 ./Src/syscalls.o
 .debug_macro   0x00002900       0xcf ./Src/syscalls.o
 .debug_macro   0x000029cf       0x1c ./Src/syscalls.o
 .debug_macro   0x000029eb       0x3d ./Src/syscalls.o
 .debug_macro   0x00002a28       0x35 ./Src/syscalls.o
 .debug_macro   0x00002a5d      0x12c ./Src/syscalls.o
 .debug_macro   0x00002b89       0x10 ./Src/syscalls.o
 .debug_macro   0x00002b99      0x242 ./Src/syscalls.o
 .debug_macro   0x00002ddb       0x1c ./Src/syscalls.o
 .debug_macro   0x00002df7       0x10 ./Src/syscalls.o
 .debug_macro   0x00002e07       0x10 ./Src/syscalls.o
 .debug_macro   0x00002e17       0x16 ./Src/syscalls.o
 .debug_macro   0x00002e2d      0x146 ./Src/syscalls.o
 .debug_macro   0x00002f73      0x103 ./Src/syscalls.o
 .debug_macro   0x00003076      0x1df ./Src/syscalls.o
 .debug_macro   0x00003255      0x18a ./Src/syscalls.o
 .debug_macro   0x000033df       0x16 ./Src/syscalls.o
 .debug_macro   0x000033f5       0xce ./Src/syscalls.o
 .debug_macro   0x000034c3      0x112 ./Src/sysmem.o
 .debug_macro   0x000035d5      0x23c ./Src/sysmem.o

.debug_line     0x00000000     0x504e
 .debug_line    0x00000000       0x6b ./Src/FrameBuffer.o
 .debug_line    0x0000006b      0xbe4 ./Src/HMATH_program.o
 .debug_line    0x00000c4f      0xda6 ./Src/HMEM_program.o
 .debug_line    0x000019f5      0x452 ./Src/HMENU_program.o
 .debug_line    0x00001e47      0x155 ./Src/HTFT_prg.o
 .debug_line    0x00001f9c      0x64f ./Src/HXO_program.o
 .debug_line    0x000025eb      0x304 ./Src/MEXTI_Program.o
 .debug_line    0x000028ef      0x5e3 ./Src/MGPIO_prg.o
 .debug_line    0x00002ed2      0x1dc ./Src/MNVIC_Program.o
 .debug_line    0x000030ae      0x170 ./Src/MRCC_prg.o
 .debug_line    0x0000321e      0x14f ./Src/MSPI_prg.o
 .debug_line    0x0000336d      0x1f2 ./Src/MSTK_prg.o
 .debug_line    0x0000355f      0x121 ./Src/main.o
 .debug_line    0x00003680      0xb47 ./Src/snake_prg.o
 .debug_line    0x000041c7      0x898 ./Src/syscalls.o
 .debug_line    0x00004a5f      0x574 ./Src/sysmem.o
 .debug_line    0x00004fd3       0x7b ./Startup/startup_stm32f401ccux.o

.debug_str      0x00000000     0xc3a1
 .debug_str     0x00000000     0xc3a1 ./Src/FrameBuffer.o
                               0x2fcd (size before relaxing)
 .debug_str     0x0000c3a1     0x725d ./Src/HMATH_program.o
 .debug_str     0x0000c3a1     0x73ba ./Src/HMEM_program.o
 .debug_str     0x0000c3a1     0x33f5 ./Src/HMENU_program.o
 .debug_str     0x0000c3a1     0x32f5 ./Src/HTFT_prg.o
 .debug_str     0x0000c3a1     0x3465 ./Src/HXO_program.o
 .debug_str     0x0000c3a1     0x32e8 ./Src/MEXTI_Program.o
 .debug_str     0x0000c3a1     0x3332 ./Src/MGPIO_prg.o
 .debug_str     0x0000c3a1     0x31f6 ./Src/MNVIC_Program.o
 .debug_str     0x0000c3a1     0x32f5 ./Src/MRCC_prg.o
 .debug_str     0x0000c3a1     0x30c1 ./Src/MSPI_prg.o
 .debug_str     0x0000c3a1     0x31de ./Src/MSTK_prg.o
 .debug_str     0x0000c3a1     0x3408 ./Src/main.o
 .debug_str     0x0000c3a1     0x6fe2 ./Src/snake_prg.o
 .debug_str     0x0000c3a1     0x99d4 ./Src/syscalls.o
 .debug_str     0x0000c3a1     0x7772 ./Src/sysmem.o
 .debug_str     0x0000c3a1       0x71 ./Startup/startup_stm32f401ccux.o

.comment        0x00000000       0x43
 .comment       0x00000000       0x43 ./Src/FrameBuffer.o
                                 0x44 (size before relaxing)
 .comment       0x00000043       0x44 ./Src/HMATH_program.o
 .comment       0x00000043       0x44 ./Src/HMEM_program.o
 .comment       0x00000043       0x44 ./Src/HMENU_program.o
 .comment       0x00000043       0x44 ./Src/HTFT_prg.o
 .comment       0x00000043       0x44 ./Src/HXO_program.o
 .comment       0x00000043       0x44 ./Src/MEXTI_Program.o
 .comment       0x00000043       0x44 ./Src/MGPIO_prg.o
 .comment       0x00000043       0x44 ./Src/MNVIC_Program.o
 .comment       0x00000043       0x44 ./Src/MRCC_prg.o
 .comment       0x00000043       0x44 ./Src/MSPI_prg.o
 .comment       0x00000043       0x44 ./Src/MSTK_prg.o
 .comment       0x00000043       0x44 ./Src/main.o
 .comment       0x00000043       0x44 ./Src/snake_prg.o
 .comment       0x00000043       0x44 ./Src/syscalls.o
 .comment       0x00000043       0x44 ./Src/sysmem.o

.debug_rnglists
                0x00000000      0x4d9
 .debug_rnglists
                0x00000000       0xab ./Src/HMATH_program.o
 .debug_rnglists
                0x000000ab       0xa1 ./Src/HMEM_program.o
 .debug_rnglists
                0x0000014c       0x53 ./Src/HMENU_program.o
 .debug_rnglists
                0x0000019f       0x27 ./Src/HTFT_prg.o
 .debug_rnglists
                0x000001c6       0x68 ./Src/HXO_program.o
 .debug_rnglists
                0x0000022e       0x56 ./Src/MEXTI_Program.o
 .debug_rnglists
                0x00000284       0x3e ./Src/MGPIO_prg.o
 .debug_rnglists
                0x000002c2       0x38 ./Src/MNVIC_Program.o
 .debug_rnglists
                0x000002fa       0x21 ./Src/MRCC_prg.o
 .debug_rnglists
                0x0000031b       0x20 ./Src/MSPI_prg.o
 .debug_rnglists
                0x0000033b       0x4f ./Src/MSTK_prg.o
 .debug_rnglists
                0x0000038a       0x1a ./Src/main.o
 .debug_rnglists
                0x000003a4       0x90 ./Src/snake_prg.o
 .debug_rnglists
                0x00000434       0x79 ./Src/syscalls.o
 .debug_rnglists
                0x000004ad       0x13 ./Src/sysmem.o
 .debug_rnglists
                0x000004c0       0x19 ./Startup/startup_stm32f401ccux.o

.debug_frame    0x00000000     0x20e4
 .debug_frame   0x00000000      0x388 ./Src/HMATH_program.o
 .debug_frame   0x00000388      0x314 ./Src/HMEM_program.o
 .debug_frame   0x0000069c      0x17c ./Src/HMENU_program.o
 .debug_frame   0x00000818       0x98 ./Src/HTFT_prg.o
 .debug_frame   0x000008b0      0x1fc ./Src/HXO_program.o
 .debug_frame   0x00000aac      0x1ac ./Src/MEXTI_Program.o
 .debug_frame   0x00000c58      0x12c ./Src/MGPIO_prg.o
 .debug_frame   0x00000d84      0x128 ./Src/MNVIC_Program.o
 .debug_frame   0x00000eac       0x80 ./Src/MRCC_prg.o
 .debug_frame   0x00000f2c       0x78 ./Src/MSPI_prg.o
 .debug_frame   0x00000fa4      0x18c ./Src/MSTK_prg.o
 .debug_frame   0x00001130       0x4c ./Src/main.o
 .debug_frame   0x0000117c      0x2d8 ./Src/snake_prg.o
 .debug_frame   0x00001454      0x2ac ./Src/syscalls.o
 .debug_frame   0x00001700       0x34 ./Src/sysmem.o
 .debug_frame   0x00001734       0x44 F:/STM32CubeIDE_1.19.0/STM32CubeIDE/plugins/com.st.stm32cube.ide.mcu.externaltools.gnu-tools-for-stm32.13.3.rel1.win32_1.0.0.202411081344/tools/bin/../lib/gcc/arm-none-eabi/13.3.1/../../../../arm-none-eabi/lib/thumb/v7e-m+fp/hard\libc_nano.a(libc_a-rand.o)
 .debug_frame   0x00001778      0x144 F:/STM32CubeIDE_1.19.0/STM32CubeIDE/plugins/com.st.stm32cube.ide.mcu.externaltools.gnu-tools-for-stm32.13.3.rel1.win32_1.0.0.202411081344/tools/bin/../lib/gcc/arm-none-eabi/13.3.1/../../../../arm-none-eabi/lib/thumb/v7e-m+fp/hard\libc_nano.a(libc_a-findfp.o)
 .debug_frame   0x000018bc       0x34 F:/STM32CubeIDE_1.19.0/STM32CubeIDE/plugins/com.st.stm32cube.ide.mcu.externaltools.gnu-tools-for-stm32.13.3.rel1.win32_1.0.0.202411081344/tools/bin/../lib/gcc/arm-none-eabi/13.3.1/../../../../arm-none-eabi/lib/thumb/v7e-m+fp/hard\libc_nano.a(libc_a-fwalk.o)
 .debug_frame   0x000018f0       0x88 F:/STM32CubeIDE_1.19.0/STM32CubeIDE/plugins/com.st.stm32cube.ide.mcu.externaltools.gnu-tools-for-stm32.13.3.rel1.win32_1.0.0.202411081344/tools/bin/../lib/gcc/arm-none-eabi/13.3.1/../../../../arm-none-eabi/lib/thumb/v7e-m+fp/hard\libc_nano.a(libc_a-stdio.o)
 .debug_frame   0x00001978       0x20 F:/STM32CubeIDE_1.19.0/STM32CubeIDE/plugins/com.st.stm32cube.ide.mcu.externaltools.gnu-tools-for-stm32.13.3.rel1.win32_1.0.0.202411081344/tools/bin/../lib/gcc/arm-none-eabi/13.3.1/../../../../arm-none-eabi/lib/thumb/v7e-m+fp/hard\libc_nano.a(libc_a-memset.o)
 .debug_frame   0x00001998       0x2c F:/STM32CubeIDE_1.19.0/STM32CubeIDE/plugins/com.st.stm32cube.ide.mcu.externaltools.gnu-tools-for-stm32.13.3.rel1.win32_1.0.0.202411081344/tools/bin/../lib/gcc/arm-none-eabi/13.3.1/../../../../arm-none-eabi/lib/thumb/v7e-m+fp/hard\libc_nano.a(libc_a-closer.o)
 .debug_frame   0x000019c4       0x38 F:/STM32CubeIDE_1.19.0/STM32CubeIDE/plugins/com.st.stm32cube.ide.mcu.externaltools.gnu-tools-for-stm32.13.3.rel1.win32_1.0.0.202411081344/tools/bin/../lib/gcc/arm-none-eabi/13.3.1/../../../../arm-none-eabi/lib/thumb/v7e-m+fp/hard\libc_nano.a(libc_a-reent.o)
 .debug_frame   0x000019fc       0x2c F:/STM32CubeIDE_1.19.0/STM32CubeIDE/plugins/com.st.stm32cube.ide.mcu.externaltools.gnu-tools-for-stm32.13.3.rel1.win32_1.0.0.202411081344/tools/bin/../lib/gcc/arm-none-eabi/13.3.1/../../../../arm-none-eabi/lib/thumb/v7e-m+fp/hard\libc_nano.a(libc_a-lseekr.o)
 .debug_frame   0x00001a28       0x2c F:/STM32CubeIDE_1.19.0/STM32CubeIDE/plugins/com.st.stm32cube.ide.mcu.externaltools.gnu-tools-for-stm32.13.3.rel1.win32_1.0.0.202411081344/tools/bin/../lib/gcc/arm-none-eabi/13.3.1/../../../../arm-none-eabi/lib/thumb/v7e-m+fp/hard\libc_nano.a(libc_a-readr.o)
 .debug_frame   0x00001a54       0x2c F:/STM32CubeIDE_1.19.0/STM32CubeIDE/plugins/com.st.stm32cube.ide.mcu.externaltools.gnu-tools-for-stm32.13.3.rel1.win32_1.0.0.202411081344/tools/bin/../lib/gcc/arm-none-eabi/13.3.1/../../../../arm-none-eabi/lib/thumb/v7e-m+fp/hard\libc_nano.a(libc_a-writer.o)
 .debug_frame   0x00001a80       0x20 F:/STM32CubeIDE_1.19.0/STM32CubeIDE/plugins/com.st.stm32cube.ide.mcu.externaltools.gnu-tools-for-stm32.13.3.rel1.win32_1.0.0.202411081344/tools/bin/../lib/gcc/arm-none-eabi/13.3.1/../../../../arm-none-eabi/lib/thumb/v7e-m+fp/hard\libc_nano.a(libc_a-errno.o)
 .debug_frame   0x00001aa0       0x2c F:/STM32CubeIDE_1.19.0/STM32CubeIDE/plugins/com.st.stm32cube.ide.mcu.externaltools.gnu-tools-for-stm32.13.3.rel1.win32_1.0.0.202411081344/tools/bin/../lib/gcc/arm-none-eabi/13.3.1/../../../../arm-none-eabi/lib/thumb/v7e-m+fp/hard\libc_nano.a(libc_a-init.o)
 .debug_frame   0x00001acc       0xb0 F:/STM32CubeIDE_1.19.0/STM32CubeIDE/plugins/com.st.stm32cube.ide.mcu.externaltools.gnu-tools-for-stm32.13.3.rel1.win32_1.0.0.202411081344/tools/bin/../lib/gcc/arm-none-eabi/13.3.1/../../../../arm-none-eabi/lib/thumb/v7e-m+fp/hard\libc_nano.a(libc_a-lock.o)
 .debug_frame   0x00001b7c       0x40 F:/STM32CubeIDE_1.19.0/STM32CubeIDE/plugins/com.st.stm32cube.ide.mcu.externaltools.gnu-tools-for-stm32.13.3.rel1.win32_1.0.0.202411081344/tools/bin/../lib/gcc/arm-none-eabi/13.3.1/../../../../arm-none-eabi/lib/thumb/v7e-m+fp/hard\libc_nano.a(libc_a-assert.o)
 .debug_frame   0x00001bbc       0x38 F:/STM32CubeIDE_1.19.0/STM32CubeIDE/plugins/com.st.stm32cube.ide.mcu.externaltools.gnu-tools-for-stm32.13.3.rel1.win32_1.0.0.202411081344/tools/bin/../lib/gcc/arm-none-eabi/13.3.1/../../../../arm-none-eabi/lib/thumb/v7e-m+fp/hard\libc_nano.a(libc_a-freer.o)
 .debug_frame   0x00001bf4       0x30 F:/STM32CubeIDE_1.19.0/STM32CubeIDE/plugins/com.st.stm32cube.ide.mcu.externaltools.gnu-tools-for-stm32.13.3.rel1.win32_1.0.0.202411081344/tools/bin/../lib/gcc/arm-none-eabi/13.3.1/../../../../arm-none-eabi/lib/thumb/v7e-m+fp/hard\libc_nano.a(libc_a-malloc.o)
 .debug_frame   0x00001c24       0x50 F:/STM32CubeIDE_1.19.0/STM32CubeIDE/plugins/com.st.stm32cube.ide.mcu.externaltools.gnu-tools-for-stm32.13.3.rel1.win32_1.0.0.202411081344/tools/bin/../lib/gcc/arm-none-eabi/13.3.1/../../../../arm-none-eabi/lib/thumb/v7e-m+fp/hard\libc_nano.a(libc_a-mallocr.o)
 .debug_frame   0x00001c74       0x30 F:/STM32CubeIDE_1.19.0/STM32CubeIDE/plugins/com.st.stm32cube.ide.mcu.externaltools.gnu-tools-for-stm32.13.3.rel1.win32_1.0.0.202411081344/tools/bin/../lib/gcc/arm-none-eabi/13.3.1/../../../../arm-none-eabi/lib/thumb/v7e-m+fp/hard\libc_nano.a(libc_a-mlock.o)
 .debug_frame   0x00001ca4       0x5c F:/STM32CubeIDE_1.19.0/STM32CubeIDE/plugins/com.st.stm32cube.ide.mcu.externaltools.gnu-tools-for-stm32.13.3.rel1.win32_1.0.0.202411081344/tools/bin/../lib/gcc/arm-none-eabi/13.3.1/../../../../arm-none-eabi/lib/thumb/v7e-m+fp/hard\libc_nano.a(libc_a-fflush.o)
 .debug_frame   0x00001d00       0x64 F:/STM32CubeIDE_1.19.0/STM32CubeIDE/plugins/com.st.stm32cube.ide.mcu.externaltools.gnu-tools-for-stm32.13.3.rel1.win32_1.0.0.202411081344/tools/bin/../lib/gcc/arm-none-eabi/13.3.1/../../../../arm-none-eabi/lib/thumb/v7e-m+fp/hard\libc_nano.a(libc_a-fprintf.o)
 .debug_frame   0x00001d64       0x2c F:/STM32CubeIDE_1.19.0/STM32CubeIDE/plugins/com.st.stm32cube.ide.mcu.externaltools.gnu-tools-for-stm32.13.3.rel1.win32_1.0.0.202411081344/tools/bin/../lib/gcc/arm-none-eabi/13.3.1/../../../../arm-none-eabi/lib/thumb/v7e-m+fp/hard\libc_nano.a(libc_a-sbrkr.o)
 .debug_frame   0x00001d90       0x28 F:/STM32CubeIDE_1.19.0/STM32CubeIDE/plugins/com.st.stm32cube.ide.mcu.externaltools.gnu-tools-for-stm32.13.3.rel1.win32_1.0.0.202411081344/tools/bin/../lib/gcc/arm-none-eabi/13.3.1/../../../../arm-none-eabi/lib/thumb/v7e-m+fp/hard\libc_nano.a(libc_a-abort.o)
 .debug_frame   0x00001db8       0xa8 F:/STM32CubeIDE_1.19.0/STM32CubeIDE/plugins/com.st.stm32cube.ide.mcu.externaltools.gnu-tools-for-stm32.13.3.rel1.win32_1.0.0.202411081344/tools/bin/../lib/gcc/arm-none-eabi/13.3.1/../../../../arm-none-eabi/lib/thumb/v7e-m+fp/hard\libc_nano.a(libc_a-nano-vfprintf.o)
 .debug_frame   0x00001e60       0x60 F:/STM32CubeIDE_1.19.0/STM32CubeIDE/plugins/com.st.stm32cube.ide.mcu.externaltools.gnu-tools-for-stm32.13.3.rel1.win32_1.0.0.202411081344/tools/bin/../lib/gcc/arm-none-eabi/13.3.1/../../../../arm-none-eabi/lib/thumb/v7e-m+fp/hard\libc_nano.a(libc_a-nano-vfprintf_i.o)
 .debug_frame   0x00001ec0       0x40 F:/STM32CubeIDE_1.19.0/STM32CubeIDE/plugins/com.st.stm32cube.ide.mcu.externaltools.gnu-tools-for-stm32.13.3.rel1.win32_1.0.0.202411081344/tools/bin/../lib/gcc/arm-none-eabi/13.3.1/../../../../arm-none-eabi/lib/thumb/v7e-m+fp/hard\libc_nano.a(libc_a-wbuf.o)
 .debug_frame   0x00001f00       0x2c F:/STM32CubeIDE_1.19.0/STM32CubeIDE/plugins/com.st.stm32cube.ide.mcu.externaltools.gnu-tools-for-stm32.13.3.rel1.win32_1.0.0.202411081344/tools/bin/../lib/gcc/arm-none-eabi/13.3.1/../../../../arm-none-eabi/lib/thumb/v7e-m+fp/hard\libc_nano.a(libc_a-wsetup.o)
 .debug_frame   0x00001f2c       0xcc F:/STM32CubeIDE_1.19.0/STM32CubeIDE/plugins/com.st.stm32cube.ide.mcu.externaltools.gnu-tools-for-stm32.13.3.rel1.win32_1.0.0.202411081344/tools/bin/../lib/gcc/arm-none-eabi/13.3.1/../../../../arm-none-eabi/lib/thumb/v7e-m+fp/hard\libc_nano.a(libc_a-signal.o)
 .debug_frame   0x00001ff8       0x3c F:/STM32CubeIDE_1.19.0/STM32CubeIDE/plugins/com.st.stm32cube.ide.mcu.externaltools.gnu-tools-for-stm32.13.3.rel1.win32_1.0.0.202411081344/tools/bin/../lib/gcc/arm-none-eabi/13.3.1/../../../../arm-none-eabi/lib/thumb/v7e-m+fp/hard\libc_nano.a(libc_a-signalr.o)
 .debug_frame   0x00002034       0x58 F:/STM32CubeIDE_1.19.0/STM32CubeIDE/plugins/com.st.stm32cube.ide.mcu.externaltools.gnu-tools-for-stm32.13.3.rel1.win32_1.0.0.202411081344/tools/bin/../lib/gcc/arm-none-eabi/13.3.1/../../../../arm-none-eabi/lib/thumb/v7e-m+fp/hard\libc_nano.a(libc_a-makebuf.o)