../Src/HMATH_program.c:103:6:HMATH_btnACallback	4	static
../Src/HMATH_program.c:108:6:HMATH_btnBCallback	4	static
../Src/HMATH_program.c:113:6:HMATH_btnCCallback	4	static
../Src/HMATH_program.c:120:6:HMATH_voidInit	8	static
../Src/HMATH_program.c:159:6:HMATH_voidResetGame	8	static
../Src/HMATH_program.c:168:12:HMATH_u16GetFrameBuffer	4	static
../Src/HMATH_program.c:173:4:HMATH_u8GetScore	4	static
../Src/HMATH_program.c:178:4:HMATH_u8GetQuestionNumber	4	static
../Src/HMATH_program.c:183:6:HMATH_voidPoll	16	static
../Src/HMATH_program.c:251:13:HMATH_voidGenerateQuestion	24	static
../Src/HMATH_program.c:292:13:HMATH_voidDisplayQuestion	24	static
../Src/HMATH_program.c:339:13:HMATH_voidDisplayScore	8	static
../Src/HMATH_program.c:349:11:HMATH_u8CheckAnswer	16	static
../Src/HMATH_program.c:354:13:HMATH_voidShowFeedback	32	static
../Src/HMATH_program.c:374:13:HMATH_voidClearFrame	16	static
../Src/HMATH_program.c:381:13:HMATH_voidDrawText	32	static
../Src/HMATH_program.c:393:13:HMATH_voidDrawChar	32	static
../Src/HMATH_program.c:408:13:HMATH_voidDrawNumber	40	static
../Src/HMATH_program.c:445:13:HMATH_voidFillRect	32	static
../Src/HMATH_program.c:462:13:HMATH_voidSetPixel	16	static
../Src/HMATH_program.c:468:12:HMATH_u32GetMillis	4	static
../Src/HMATH_program.c:476:12:HMATH_u16GetRandom	24	static
../Src/HMATH_program.c:484:13:HMATH_voidInitRandom	4	static
../Src/HMATH_program.c:490:11:HMATH_u8GetTextWidth	24	static
../Src/HMATH_program.c:497:11:HMATH_u8GetNumberWidth	24	static
