../Src/HMEM_program.c:44:6:HMEM_btnFlipCallback	4	static
../Src/HMEM_program.c:49:6:HMEM_btnNextCallback	4	static
../Src/HMEM_program.c:54:6:HMEM_btnResetCallback	4	static
../Src/HMEM_program.c:75:6:HMEM_voidInit	8	static
../Src/HMEM_program.c:111:6:HMEM_voidResetGame	16	static
../Src/HMEM_program.c:140:12:HMEM_u16GetFrameBuffer	4	static
../Src/HMEM_program.c:145:18:HMEM_GameStateGet	4	static
../Src/HMEM_program.c:150:5:HMEM_u16GetMoves	4	static
../Src/HMEM_program.c:155:6:HMEM_voidPoll	32	static
../Src/HMEM_program.c:269:12:HMEM_u32GetMillis	4	static
../Src/HMEM_program.c:277:13:HMEM_voidShuffleCards	32	static
../Src/HMEM_program.c:301:11:HMEM_u8CheckWin	16	static
../Src/HMEM_program.c:314:13:HMEM_voidDrawFrame	32	static
../Src/HMEM_program.c:339:13:HMEM_voidDrawCard	48	static
../Src/HMEM_program.c:372:13:HMEM_voidDrawCursor	40	static
../Src/HMEM_program.c:384:13:HMEM_voidDrawSymbol	40	static
../Src/HMEM_program.c:454:13:HMEM_voidGetCardBounds	24	static
../Src/HMEM_program.c:462:13:HMEM_voidGetCardCenter	48	static
../Src/HMEM_program.c:470:13:HMEM_voidFillRect	32	static
../Src/HMEM_program.c:487:13:HMEM_voidSetPixel	16	static
../Src/HMEM_program.c:493:13:HMEM_voidDrawLine	48	static
