../Src/MEXTI_Program.c:9:6:MEXTI_voidSetInterruptPort	16	static
../Src/MEXTI_Program.c:15:6:MEXTI_voidEnable	16	static
../Src/MEXTI_Program.c:19:6:MEXTI_voidDisable	16	static
../Src/MEXTI_Program.c:23:6:MEXTI_voidSetTrigger	16	static
../Src/MEXTI_Program.c:45:6:MEXTI_voidCallBack	16	static
../Src/MEXTI_Program.c:53:6:EXTI0_IRQHandler	8	static
../Src/MEXTI_Program.c:63:6:EXTI1_IRQHandler	8	static
../Src/MEXTI_Program.c:71:6:EXTI2_IRQHandler	8	static
../Src/MEXTI_Program.c:79:6:EXTI3_IRQHandler	8	static
../Src/MEXTI_Program.c:87:6:EXTI4_IRQHandler	8	static
../Src/MEXTI_Program.c:96:6:EXTI9_5_IRQHandler	16	static
../Src/MEXTI_Program.c:109:6:EXTI15_10_IRQHandler	16	static
