../Src/MSTK_prg.c:10:6:MSTK_voidInit	4	static
../Src/MSTK_prg.c:20:6:MSTK_voidStartTimer	16	static
../Src/MSTK_prg.c:26:6:MSTK_voidCtrlIntState	16	static
../Src/MSTK_prg.c:30:4:MSTK_u8ReadFlag	4	static
../Src/MSTK_prg.c:35:5:MSTK_u32GetElapsedTickSingleShot	4	static
../Src/MSTK_prg.c:39:5:MSTK_u32GetRemainingTickSingleShot	4	static
../Src/MSTK_prg.c:44:6:MSTK_voidDelayms	16	static
../Src/MSTK_prg.c:51:6:MSTK_voidDelayus	16	static
../Src/MSTK_prg.c:59:6:MSTK_voidCallBack	16	static
../Src/MSTK_prg.c:66:6:MSTK_voidCallBackSingle	16	static
../Src/MSTK_prg.c:73:6:SysTick_Handler	8	static
