../Src/snake_prg.c:40:6:Snake_btnLeftCallback	4	static
../Src/snake_prg.c:41:6:Snake_btnRightCallback	4	static
../Src/snake_prg.c:42:6:Snake_btnRestartCallback	4	static
../Src/snake_prg.c:59:13:Snake_voidDrawBorder	16	static
../Src/snake_prg.c:79:6:Snake_voidInit	8	static
../Src/snake_prg.c:133:6:Snake_voidGameLoop	8	static
../Src/snake_prg.c:160:6:Snake_voidUpdate	16	static
../Src/snake_prg.c:239:6:Snake_voidRestart	8	static
../Src/snake_prg.c:241:5:Snake_u16GetScore	4	static
../Src/snake_prg.c:243:4:Snake_u8IsGameOver	4	static
../Src/snake_prg.c:245:6:Snake_voidHandleInput	8	static
../Src/snake_prg.c:278:13:Snake_voidFillScreen	24	static
../Src/snake_prg.c:287:13:Snake_voidDrawPixel	16	static
../Src/snake_prg.c:294:13:Snake_voidDrawRect	32	static
../Src/snake_prg.c:304:13:Snake_voidUpdateDisplay	8	static
../Src/snake_prg.c:309:13:Snake_voidDrawInitialState	16	static
../Src/snake_prg.c:331:13:Snake_voidDrawBlock	32	static
../Src/snake_prg.c:340:13:Snake_voidGenerateFood	16	static
../Src/snake_prg.c:356:11:Snake_u8CheckCollision	24	static
../Src/snake_prg.c:367:13:Snake_voidDrawScore	24	static
../Src/snake_prg.c:381:13:Snake_voidGameOver	24	static
